04:20:28 **** Clean-only build of configuration Debug for project nn_inference_grade3 ****
make clean 
rm -rf ./src/TinyEngine/third_party/CMSIS_NN/Source/arm_softmax_s8.o  ./src/TinyEngine/src/convolve_1x1_s8.o ./src/TinyEngine/src/convolve_s8_kernel3_stride1_pad1.o ./src/TinyEngine/src/convolve_s8_kernel3_stride2_padoffset1_oddch.o ./src/TinyEngine/src/mat_mult_kernels.o ./src/TinyEngine/src/reduce.o ./src/TinyEngine/src/requantize.o ./src/TinyEngine/src/softmax_int8.o  ./src/Source/depthwise_kernel3x3_stride1_pad1_padoffset0_inplace_CHW.o ./src/Source/depthwise_kernel3x3_stride2_pad0_padoffset1_inplace_CHW.o ./src/Source/genModel.o  ./src/main.o ./src/platform.o ./src/TinyEngine/third_party/CMSIS_NN/Source/arm_softmax_s8.d  ./src/TinyEngine/src/convolve_1x1_s8.d ./src/TinyEngine/src/convolve_s8_kernel3_stride1_pad1.d ./src/TinyEngine/src/convolve_s8_kernel3_stride2_padoffset1_oddch.d ./src/TinyEngine/src/mat_mult_kernels.d ./src/TinyEngine/src/reduce.d ./src/TinyEngine/src/requantize.d ./src/TinyEngine/src/softmax_int8.d  ./src/Source/depthwise_kernel3x3_stride1_pad1_padoffset0_inplace_CHW.d ./src/Source/depthwise_kernel3x3_stride2_pad0_padoffset1_inplace_CHW.d ./src/Source/genModel.d  ./src/main.d ./src/platform.d nn_inference_grade3.elf.size  nn_inference_grade3.elf
 
04:20:28 **** Clean-only build of project nn_inference_grade3_bsp ****
make -k clean 
make -C ps7_cortexa9_0/libsrc/coresightps_dcc_v1_4/src -s clean 
make -C ps7_cortexa9_0/libsrc/cpu_cortexa9_v2_7/src -s clean 
make -C ps7_cortexa9_0/libsrc/ddrps_v1_0/src -s clean 
make -C ps7_cortexa9_0/libsrc/devcfg_v3_5/src -s clean 
make -C ps7_cortexa9_0/libsrc/dmaps_v2_4/src -s clean 
make -C ps7_cortexa9_0/libsrc/gpiops_v3_4/src -s clean 
make -C ps7_cortexa9_0/libsrc/iicps_v3_8/src -s clean 
make -C ps7_cortexa9_0/libsrc/qspips_v3_5/src -s clean 
make -C ps7_cortexa9_0/libsrc/scugic_v3_10/src -s clean 
make -C ps7_cortexa9_0/libsrc/scutimer_v2_1/src -s clean 
make -C ps7_cortexa9_0/libsrc/scuwdt_v2_1/src -s clean 
make -C ps7_cortexa9_0/libsrc/sdps_v3_6/src -s clean 
make -C ps7_cortexa9_0/libsrc/standalone_v6_8/src -s clean 
make -C ps7_cortexa9_0/libsrc/uartps_v3_7/src -s clean 
make -C ps7_cortexa9_0/libsrc/usbps_v2_4/src -s clean 
make -C ps7_cortexa9_0/libsrc/xadcps_v2_3/src -s clean 
rm -f ps7_cortexa9_0/lib/libxil.a
04:20:29 **** Build of project nn_inference_grade3_bsp ****
make -k all 
Running Make include in ps7_cortexa9_0/libsrc/coresightps_dcc_v1_4/src
make -C ps7_cortexa9_0/libsrc/coresightps_dcc_v1_4/src -s include  "SHELL=/bin/sh" "COMPILER=arm-none-eabi-gcc" "ARCHIVER=arm-none-eabi-ar" "COMPILER_FLAGS=  -O2 -c" "EXTRA_COMPILER_FLAGS=-mcpu=cortex-a9 -mfpu=vfpv3 -mfloat-abi=hard -nostartfiles -g -Wall -Wextra"
Running Make include in ps7_cortexa9_0/libsrc/cpu_cortexa9_v2_7/src
make -C ps7_cortexa9_0/libsrc/cpu_cortexa9_v2_7/src -s include  "SHELL=/bin/sh" "COMPILER=arm-none-eabi-gcc" "ARCHIVER=arm-none-eabi-ar" "COMPILER_FLAGS=  -O2 -c" "EXTRA_COMPILER_FLAGS=-mcpu=cortex-a9 -mfpu=vfpv3 -mfloat-abi=hard -nostartfiles -g -Wall -Wextra"
Running Make include in ps7_cortexa9_0/libsrc/ddrps_v1_0/src
make -C ps7_cortexa9_0/libsrc/ddrps_v1_0/src -s include  "SHELL=/bin/sh" "COMPILER=arm-none-eabi-gcc" "ARCHIVER=arm-none-eabi-ar" "COMPILER_FLAGS=  -O2 -c" "EXTRA_COMPILER_FLAGS=-mcpu=cortex-a9 -mfpu=vfpv3 -mfloat-abi=hard -nostartfiles -g -Wall -Wextra"
Running Make include in ps7_cortexa9_0/libsrc/devcfg_v3_5/src
make -C ps7_cortexa9_0/libsrc/devcfg_v3_5/src -s include  "SHELL=/bin/sh" "COMPILER=arm-none-eabi-gcc" "ARCHIVER=arm-none-eabi-ar" "COMPILER_FLAGS=  -O2 -c" "EXTRA_COMPILER_FLAGS=-mcpu=cortex-a9 -mfpu=vfpv3 -mfloat-abi=hard -nostartfiles -g -Wall -Wextra"
Running Make include in ps7_cortexa9_0/libsrc/dmaps_v2_4/src
make -C ps7_cortexa9_0/libsrc/dmaps_v2_4/src -s include  "SHELL=/bin/sh" "COMPILER=arm-none-eabi-gcc" "ARCHIVER=arm-none-eabi-ar" "COMPILER_FLAGS=  -O2 -c" "EXTRA_COMPILER_FLAGS=-mcpu=cortex-a9 -mfpu=vfpv3 -mfloat-abi=hard -nostartfiles -g -Wall -Wextra"
Running Make include in ps7_cortexa9_0/libsrc/gpiops_v3_4/src
make -C ps7_cortexa9_0/libsrc/gpiops_v3_4/src -s include  "SHELL=/bin/sh" "COMPILER=arm-none-eabi-gcc" "ARCHIVER=arm-none-eabi-ar" "COMPILER_FLAGS=  -O2 -c" "EXTRA_COMPILER_FLAGS=-mcpu=cortex-a9 -mfpu=vfpv3 -mfloat-abi=hard -nostartfiles -g -Wall -Wextra"
Running Make include in ps7_cortexa9_0/libsrc/iicps_v3_8/src
make -C ps7_cortexa9_0/libsrc/iicps_v3_8/src -s include  "SHELL=/bin/sh" "COMPILER=arm-none-eabi-gcc" "ARCHIVER=arm-none-eabi-ar" "COMPILER_FLAGS=  -O2 -c" "EXTRA_COMPILER_FLAGS=-mcpu=cortex-a9 -mfpu=vfpv3 -mfloat-abi=hard -nostartfiles -g -Wall -Wextra"
Running Make include in ps7_cortexa9_0/libsrc/qspips_v3_5/src
make -C ps7_cortexa9_0/libsrc/qspips_v3_5/src -s include  "SHELL=/bin/sh" "COMPILER=arm-none-eabi-gcc" "ARCHIVER=arm-none-eabi-ar" "COMPILER_FLAGS=  -O2 -c" "EXTRA_COMPILER_FLAGS=-mcpu=cortex-a9 -mfpu=vfpv3 -mfloat-abi=hard -nostartfiles -g -Wall -Wextra"
Running Make include in ps7_cortexa9_0/libsrc/scugic_v3_10/src
make -C ps7_cortexa9_0/libsrc/scugic_v3_10/src -s include  "SHELL=/bin/sh" "COMPILER=arm-none-eabi-gcc" "ARCHIVER=arm-none-eabi-ar" "COMPILER_FLAGS=  -O2 -c" "EXTRA_COMPILER_FLAGS=-mcpu=cortex-a9 -mfpu=vfpv3 -mfloat-abi=hard -nostartfiles -g -Wall -Wextra"
Running Make include in ps7_cortexa9_0/libsrc/scutimer_v2_1/src
make -C ps7_cortexa9_0/libsrc/scutimer_v2_1/src -s include  "SHELL=/bin/sh" "COMPILER=arm-none-eabi-gcc" "ARCHIVER=arm-none-eabi-ar" "COMPILER_FLAGS=  -O2 -c" "EXTRA_COMPILER_FLAGS=-mcpu=cortex-a9 -mfpu=vfpv3 -mfloat-abi=hard -nostartfiles -g -Wall -Wextra"
Running Make include in ps7_cortexa9_0/libsrc/scuwdt_v2_1/src
make -C ps7_cortexa9_0/libsrc/scuwdt_v2_1/src -s include  "SHELL=/bin/sh" "COMPILER=arm-none-eabi-gcc" "ARCHIVER=arm-none-eabi-ar" "COMPILER_FLAGS=  -O2 -c" "EXTRA_COMPILER_FLAGS=-mcpu=cortex-a9 -mfpu=vfpv3 -mfloat-abi=hard -nostartfiles -g -Wall -Wextra"
Running Make include in ps7_cortexa9_0/libsrc/sdps_v3_6/src
make -C ps7_cortexa9_0/libsrc/sdps_v3_6/src -s include  "SHELL=/bin/sh" "COMPILER=arm-none-eabi-gcc" "ARCHIVER=arm-none-eabi-ar" "COMPILER_FLAGS=  -O2 -c" "EXTRA_COMPILER_FLAGS=-mcpu=cortex-a9 -mfpu=vfpv3 -mfloat-abi=hard -nostartfiles -g -Wall -Wextra"
Running Make include in ps7_cortexa9_0/libsrc/standalone_v6_8/src
make -C ps7_cortexa9_0/libsrc/standalone_v6_8/src -s include  "SHELL=/bin/sh" "COMPILER=arm-none-eabi-gcc" "ARCHIVER=arm-none-eabi-ar" "COMPILER_FLAGS=  -O2 -c" "EXTRA_COMPILER_FLAGS=-mcpu=cortex-a9 -mfpu=vfpv3 -mfloat-abi=hard -nostartfiles -g -Wall -Wextra"
Running Make include in ps7_cortexa9_0/libsrc/uartps_v3_7/src
make -C ps7_cortexa9_0/libsrc/uartps_v3_7/src -s include  "SHELL=/bin/sh" "COMPILER=arm-none-eabi-gcc" "ARCHIVER=arm-none-eabi-ar" "COMPILER_FLAGS=  -O2 -c" "EXTRA_COMPILER_FLAGS=-mcpu=cortex-a9 -mfpu=vfpv3 -mfloat-abi=hard -nostartfiles -g -Wall -Wextra"
Running Make include in ps7_cortexa9_0/libsrc/usbps_v2_4/src
make -C ps7_cortexa9_0/libsrc/usbps_v2_4/src -s include  "SHELL=/bin/sh" "COMPILER=arm-none-eabi-gcc" "ARCHIVER=arm-none-eabi-ar" "COMPILER_FLAGS=  -O2 -c" "EXTRA_COMPILER_FLAGS=-mcpu=cortex-a9 -mfpu=vfpv3 -mfloat-abi=hard -nostartfiles -g -Wall -Wextra"
Running Make include in ps7_cortexa9_0/libsrc/xadcps_v2_3/src
make -C ps7_cortexa9_0/libsrc/xadcps_v2_3/src -s include  "SHELL=/bin/sh" "COMPILER=arm-none-eabi-gcc" "ARCHIVER=arm-none-eabi-ar" "COMPILER_FLAGS=  -O2 -c" "EXTRA_COMPILER_FLAGS=-mcpu=cortex-a9 -mfpu=vfpv3 -mfloat-abi=hard -nostartfiles -g -Wall -Wextra"
Running Make libs in ps7_cortexa9_0/libsrc/coresightps_dcc_v1_4/src
make -C ps7_cortexa9_0/libsrc/coresightps_dcc_v1_4/src -s libs  "SHELL=/bin/sh" "COMPILER=arm-none-eabi-gcc" "ARCHIVER=arm-none-eabi-ar" "COMPILER_FLAGS=  -O2 -c" "EXTRA_COMPILER_FLAGS=-mcpu=cortex-a9 -mfpu=vfpv3 -mfloat-abi=hard -nostartfiles -g -Wall -Wextra"
Compiling coresightps_dcc
arm-none-eabi-ar: creating ../../../lib/libxil.a
Running Make libs in ps7_cortexa9_0/libsrc/cpu_cortexa9_v2_7/src
make -C ps7_cortexa9_0/libsrc/cpu_cortexa9_v2_7/src -s libs  "SHELL=/bin/sh" "COMPILER=arm-none-eabi-gcc" "ARCHIVER=arm-none-eabi-ar" "COMPILER_FLAGS=  -O2 -c" "EXTRA_COMPILER_FLAGS=-mcpu=cortex-a9 -mfpu=vfpv3 -mfloat-abi=hard -nostartfiles -g -Wall -Wextra"
Compiling cpu_cortexa9
Running Make libs in ps7_cortexa9_0/libsrc/ddrps_v1_0/src
make -C ps7_cortexa9_0/libsrc/ddrps_v1_0/src -s libs  "SHELL=/bin/sh" "COMPILER=arm-none-eabi-gcc" "ARCHIVER=arm-none-eabi-ar" "COMPILER_FLAGS=  -O2 -c" "EXTRA_COMPILER_FLAGS=-mcpu=cortex-a9 -mfpu=vfpv3 -mfloat-abi=hard -nostartfiles -g -Wall -Wextra"
Compiling ddrps
Running Make libs in ps7_cortexa9_0/libsrc/devcfg_v3_5/src
make -C ps7_cortexa9_0/libsrc/devcfg_v3_5/src -s libs  "SHELL=/bin/sh" "COMPILER=arm-none-eabi-gcc" "ARCHIVER=arm-none-eabi-ar" "COMPILER_FLAGS=  -O2 -c" "EXTRA_COMPILER_FLAGS=-mcpu=cortex-a9 -mfpu=vfpv3 -mfloat-abi=hard -nostartfiles -g -Wall -Wextra"
Compiling devcfg
Running Make libs in ps7_cortexa9_0/libsrc/dmaps_v2_4/src
make -C ps7_cortexa9_0/libsrc/dmaps_v2_4/src -s libs  "SHELL=/bin/sh" "COMPILER=arm-none-eabi-gcc" "ARCHIVER=arm-none-eabi-ar" "COMPILER_FLAGS=  -O2 -c" "EXTRA_COMPILER_FLAGS=-mcpu=cortex-a9 -mfpu=vfpv3 -mfloat-abi=hard -nostartfiles -g -Wall -Wextra"
Compiling dmaps
Running Make libs in ps7_cortexa9_0/libsrc/gpiops_v3_4/src
make -C ps7_cortexa9_0/libsrc/gpiops_v3_4/src -s libs  "SHELL=/bin/sh" "COMPILER=arm-none-eabi-gcc" "ARCHIVER=arm-none-eabi-ar" "COMPILER_FLAGS=  -O2 -c" "EXTRA_COMPILER_FLAGS=-mcpu=cortex-a9 -mfpu=vfpv3 -mfloat-abi=hard -nostartfiles -g -Wall -Wextra"
Compiling gpiops
Running Make libs in ps7_cortexa9_0/libsrc/iicps_v3_8/src
make -C ps7_cortexa9_0/libsrc/iicps_v3_8/src -s libs  "SHELL=/bin/sh" "COMPILER=arm-none-eabi-gcc" "ARCHIVER=arm-none-eabi-ar" "COMPILER_FLAGS=  -O2 -c" "EXTRA_COMPILER_FLAGS=-mcpu=cortex-a9 -mfpu=vfpv3 -mfloat-abi=hard -nostartfiles -g -Wall -Wextra"
Compiling iicps
Running Make libs in ps7_cortexa9_0/libsrc/qspips_v3_5/src
make -C ps7_cortexa9_0/libsrc/qspips_v3_5/src -s libs  "SHELL=/bin/sh" "COMPILER=arm-none-eabi-gcc" "ARCHIVER=arm-none-eabi-ar" "COMPILER_FLAGS=  -O2 -c" "EXTRA_COMPILER_FLAGS=-mcpu=cortex-a9 -mfpu=vfpv3 -mfloat-abi=hard -nostartfiles -g -Wall -Wextra"
Compiling qspips
Running Make libs in ps7_cortexa9_0/libsrc/scugic_v3_10/src
make -C ps7_cortexa9_0/libsrc/scugic_v3_10/src -s libs  "SHELL=/bin/sh" "COMPILER=arm-none-eabi-gcc" "ARCHIVER=arm-none-eabi-ar" "COMPILER_FLAGS=  -O2 -c" "EXTRA_COMPILER_FLAGS=-mcpu=cortex-a9 -mfpu=vfpv3 -mfloat-abi=hard -nostartfiles -g -Wall -Wextra"
Compiling scugic
Running Make libs in ps7_cortexa9_0/libsrc/scutimer_v2_1/src
make -C ps7_cortexa9_0/libsrc/scutimer_v2_1/src -s libs  "SHELL=/bin/sh" "COMPILER=arm-none-eabi-gcc" "ARCHIVER=arm-none-eabi-ar" "COMPILER_FLAGS=  -O2 -c" "EXTRA_COMPILER_FLAGS=-mcpu=cortex-a9 -mfpu=vfpv3 -mfloat-abi=hard -nostartfiles -g -Wall -Wextra"
Compiling scutimer
Running Make libs in ps7_cortexa9_0/libsrc/scuwdt_v2_1/src
make -C ps7_cortexa9_0/libsrc/scuwdt_v2_1/src -s libs  "SHELL=/bin/sh" "COMPILER=arm-none-eabi-gcc" "ARCHIVER=arm-none-eabi-ar" "COMPILER_FLAGS=  -O2 -c" "EXTRA_COMPILER_FLAGS=-mcpu=cortex-a9 -mfpu=vfpv3 -mfloat-abi=hard -nostartfiles -g -Wall -Wextra"
Compiling scuwdt
Running Make libs in ps7_cortexa9_0/libsrc/sdps_v3_6/src
make -C ps7_cortexa9_0/libsrc/sdps_v3_6/src -s libs  "SHELL=/bin/sh" "COMPILER=arm-none-eabi-gcc" "ARCHIVER=arm-none-eabi-ar" "COMPILER_FLAGS=  -O2 -c" "EXTRA_COMPILER_FLAGS=-mcpu=cortex-a9 -mfpu=vfpv3 -mfloat-abi=hard -nostartfiles -g -Wall -Wextra"
Compiling sdps
Running Make libs in ps7_cortexa9_0/libsrc/standalone_v6_8/src
make -C ps7_cortexa9_0/libsrc/standalone_v6_8/src -s libs  "SHELL=/bin/sh" "COMPILER=arm-none-eabi-gcc" "ARCHIVER=arm-none-eabi-ar" "COMPILER_FLAGS=  -O2 -c" "EXTRA_COMPILER_FLAGS=-mcpu=cortex-a9 -mfpu=vfpv3 -mfloat-abi=hard -nostartfiles -g -Wall -Wextra"
Compiling standalone
In file included from sleep.c:53:0:
xtime_l.h:87:9: note: #pragma message: For the sleep routines, Global timer is being used
 #pragma message ("For the sleep routines, Global timer is being used")
         ^~~~~~~
In file included from usleep.c:56:0:
xtime_l.h:87:9: note: #pragma message: For the sleep routines, Global timer is being used
 #pragma message ("For the sleep routines, Global timer is being used")
         ^~~~~~~
In file included from xil_sleeptimer.c:51:0:
xtime_l.h:87:9: note: #pragma message: For the sleep routines, Global timer is being used
 #pragma message ("For the sleep routines, Global timer is being used")
         ^~~~~~~
In file included from xtime_l.c:49:0:
xtime_l.h:87:9: note: #pragma message: For the sleep routines, Global timer is being used
 #pragma message ("For the sleep routines, Global timer is being used")
         ^~~~~~~
Running Make libs in ps7_cortexa9_0/libsrc/uartps_v3_7/src
make -C ps7_cortexa9_0/libsrc/uartps_v3_7/src -s libs  "SHELL=/bin/sh" "COMPILER=arm-none-eabi-gcc" "ARCHIVER=arm-none-eabi-ar" "COMPILER_FLAGS=  -O2 -c" "EXTRA_COMPILER_FLAGS=-mcpu=cortex-a9 -mfpu=vfpv3 -mfloat-abi=hard -nostartfiles -g -Wall -Wextra"
Compiling uartps
Running Make libs in ps7_cortexa9_0/libsrc/usbps_v2_4/src
make -C ps7_cortexa9_0/libsrc/usbps_v2_4/src -s libs  "SHELL=/bin/sh" "COMPILER=arm-none-eabi-gcc" "ARCHIVER=arm-none-eabi-ar" "COMPILER_FLAGS=  -O2 -c" "EXTRA_COMPILER_FLAGS=-mcpu=cortex-a9 -mfpu=vfpv3 -mfloat-abi=hard -nostartfiles -g -Wall -Wextra"
Compiling usbps
Running Make libs in ps7_cortexa9_0/libsrc/xadcps_v2_3/src
make -C ps7_cortexa9_0/libsrc/xadcps_v2_3/src -s libs  "SHELL=/bin/sh" "COMPILER=arm-none-eabi-gcc" "ARCHIVER=arm-none-eabi-ar" "COMPILER_FLAGS=  -O2 -c" "EXTRA_COMPILER_FLAGS=-mcpu=cortex-a9 -mfpu=vfpv3 -mfloat-abi=hard -nostartfiles -g -Wall -Wextra"
Compiling xadcps
Finished building libraries
04:20:35 **** Build of configuration Debug for project nn_inference_grade3 ****
make pre-build main-build 
a9-linaro-pre-build-step
 
Building file: ../src/TinyEngine/third_party/CMSIS_NN/Source/arm_softmax_s8.c
Invoking: ARM v7 gcc compiler
arm-none-eabi-gcc -Wall -O3 -g3 -I"/home/deazon/final_project/final_project.sdk/nn_inference_grade3/src/TinyEngine/include" -I"/home/deazon/final_project/final_project.sdk/nn_inference_grade3/src/test_inputs" -I"/home/deazon/final_project/final_project.sdk/nn_inference_grade3/src/TinyEngine/third_party/CMSIS_NN/Include" -I"/home/deazon/final_project/final_project.sdk/nn_inference_grade3/src/Include" -I"/home/deazon/final_project/final_project.sdk/nn_inference_grade3/src/Source" -c -fmessage-length=0 -MT"src/TinyEngine/third_party/CMSIS_NN/Source/arm_softmax_s8.o" -mcpu=cortex-a9 -mfpu=vfpv3 -mfloat-abi=hard -I../../nn_inference_grade3_bsp/ps7_cortexa9_0/include -MMD -MP -MF"src/TinyEngine/third_party/CMSIS_NN/Source/arm_softmax_s8.d" -MT"src/TinyEngine/third_party/CMSIS_NN/Source/arm_softmax_s8.o" -o "src/TinyEngine/third_party/CMSIS_NN/Source/arm_softmax_s8.o" "../src/TinyEngine/third_party/CMSIS_NN/Source/arm_softmax_s8.c"
Finished building: ../src/TinyEngine/third_party/CMSIS_NN/Source/arm_softmax_s8.c
 
Building file: ../src/TinyEngine/src/convolve_1x1_s8.c
Invoking: ARM v7 gcc compiler
arm-none-eabi-gcc -Wall -O3 -g3 -I"/home/deazon/final_project/final_project.sdk/nn_inference_grade3/src/TinyEngine/include" -I"/home/deazon/final_project/final_project.sdk/nn_inference_grade3/src/test_inputs" -I"/home/deazon/final_project/final_project.sdk/nn_inference_grade3/src/TinyEngine/third_party/CMSIS_NN/Include" -I"/home/deazon/final_project/final_project.sdk/nn_inference_grade3/src/Include" -I"/home/deazon/final_project/final_project.sdk/nn_inference_grade3/src/Source" -c -fmessage-length=0 -MT"src/TinyEngine/src/convolve_1x1_s8.o" -mcpu=cortex-a9 -mfpu=vfpv3 -mfloat-abi=hard -I../../nn_inference_grade3_bsp/ps7_cortexa9_0/include -MMD -MP -MF"src/TinyEngine/src/convolve_1x1_s8.d" -MT"src/TinyEngine/src/convolve_1x1_s8.o" -o "src/TinyEngine/src/convolve_1x1_s8.o" "../src/TinyEngine/src/convolve_1x1_s8.c"
../src/TinyEngine/src/convolve_1x1_s8.c: In function 'convolve_1x1_s8':
../src/TinyEngine/src/convolve_1x1_s8.c:26:17: warning: initialization discards 'const' qualifier from pointer target type [-Wdiscarded-qualifiers]
   int8_t *src = &input[i_element * input_ch];
                 ^
Finished building: ../src/TinyEngine/src/convolve_1x1_s8.c
 
Building file: ../src/TinyEngine/src/convolve_s8_kernel3_stride1_pad1.c
Invoking: ARM v7 gcc compiler
arm-none-eabi-gcc -Wall -O3 -g3 -I"/home/deazon/final_project/final_project.sdk/nn_inference_grade3/src/TinyEngine/include" -I"/home/deazon/final_project/final_project.sdk/nn_inference_grade3/src/test_inputs" -I"/home/deazon/final_project/final_project.sdk/nn_inference_grade3/src/TinyEngine/third_party/CMSIS_NN/Include" -I"/home/deazon/final_project/final_project.sdk/nn_inference_grade3/src/Include" -I"/home/deazon/final_project/final_project.sdk/nn_inference_grade3/src/Source" -c -fmessage-length=0 -MT"src/TinyEngine/src/convolve_s8_kernel3_stride1_pad1.o" -mcpu=cortex-a9 -mfpu=vfpv3 -mfloat-abi=hard -I../../nn_inference_grade3_bsp/ps7_cortexa9_0/include -MMD -MP -MF"src/TinyEngine/src/convolve_s8_kernel3_stride1_pad1.d" -MT"src/TinyEngine/src/convolve_s8_kernel3_stride1_pad1.o" -o "src/TinyEngine/src/convolve_s8_kernel3_stride1_pad1.o" "../src/TinyEngine/src/convolve_s8_kernel3_stride1_pad1.c"
../src/TinyEngine/src/convolve_s8_kernel3_stride1_pad1.c: In function 'convolve_s8_kernel3_stride1_pad1':
../src/TinyEngine/src/convolve_s8_kernel3_stride1_pad1.c:34:10: warning: unused variable 'bytes' [-Wunused-variable]
  int8_t* bytes = (int8_t*)&pad_out_q15x2;
          ^~~~~
Finished building: ../src/TinyEngine/src/convolve_s8_kernel3_stride1_pad1.c
 
Building file: ../src/TinyEngine/src/convolve_s8_kernel3_stride2_padoffset1_oddch.c
Invoking: ARM v7 gcc compiler
arm-none-eabi-gcc -Wall -O3 -g3 -I"/home/deazon/final_project/final_project.sdk/nn_inference_grade3/src/TinyEngine/include" -I"/home/deazon/final_project/final_project.sdk/nn_inference_grade3/src/test_inputs" -I"/home/deazon/final_project/final_project.sdk/nn_inference_grade3/src/TinyEngine/third_party/CMSIS_NN/Include" -I"/home/deazon/final_project/final_project.sdk/nn_inference_grade3/src/Include" -I"/home/deazon/final_project/final_project.sdk/nn_inference_grade3/src/Source" -c -fmessage-length=0 -MT"src/TinyEngine/src/convolve_s8_kernel3_stride2_padoffset1_oddch.o" -mcpu=cortex-a9 -mfpu=vfpv3 -mfloat-abi=hard -I../../nn_inference_grade3_bsp/ps7_cortexa9_0/include -MMD -MP -MF"src/TinyEngine/src/convolve_s8_kernel3_stride2_padoffset1_oddch.d" -MT"src/TinyEngine/src/convolve_s8_kernel3_stride2_padoffset1_oddch.o" -o "src/TinyEngine/src/convolve_s8_kernel3_stride2_padoffset1_oddch.o" "../src/TinyEngine/src/convolve_s8_kernel3_stride2_padoffset1_oddch.c"
../src/TinyEngine/src/convolve_s8_kernel3_stride2_padoffset1_oddch.c: In function 'convolve_s8_kernel3_stride2_padoffset1_oddch':
../src/TinyEngine/src/convolve_s8_kernel3_stride2_padoffset1_oddch.c:24:12: warning: unused variable 'channel_div2' [-Wunused-variable]
  const int channel_div2 = (input_ch >> 1);
            ^~~~~~~~~~~~
../src/TinyEngine/src/convolve_s8_kernel3_stride2_padoffset1_oddch.c:23:12: warning: unused variable 'channel_div4' [-Wunused-variable]
  const int channel_div4 = (input_ch >> 2);
            ^~~~~~~~~~~~
Finished building: ../src/TinyEngine/src/convolve_s8_kernel3_stride2_padoffset1_oddch.c
 
Building file: ../src/TinyEngine/src/mat_mult_kernels.c
Invoking: ARM v7 gcc compiler
arm-none-eabi-gcc -Wall -O3 -g3 -I"/home/deazon/final_project/final_project.sdk/nn_inference_grade3/src/TinyEngine/include" -I"/home/deazon/final_project/final_project.sdk/nn_inference_grade3/src/test_inputs" -I"/home/deazon/final_project/final_project.sdk/nn_inference_grade3/src/TinyEngine/third_party/CMSIS_NN/Include" -I"/home/deazon/final_project/final_project.sdk/nn_inference_grade3/src/Include" -I"/home/deazon/final_project/final_project.sdk/nn_inference_grade3/src/Source" -c -fmessage-length=0 -MT"src/TinyEngine/src/mat_mult_kernels.o" -mcpu=cortex-a9 -mfpu=vfpv3 -mfloat-abi=hard -I../../nn_inference_grade3_bsp/ps7_cortexa9_0/include -MMD -MP -MF"src/TinyEngine/src/mat_mult_kernels.d" -MT"src/TinyEngine/src/mat_mult_kernels.o" -o "src/TinyEngine/src/mat_mult_kernels.o" "../src/TinyEngine/src/mat_mult_kernels.c"
Finished building: ../src/TinyEngine/src/mat_mult_kernels.c
 
Building file: ../src/TinyEngine/src/reduce.c
Invoking: ARM v7 gcc compiler
arm-none-eabi-gcc -Wall -O3 -g3 -I"/home/deazon/final_project/final_project.sdk/nn_inference_grade3/src/TinyEngine/include" -I"/home/deazon/final_project/final_project.sdk/nn_inference_grade3/src/test_inputs" -I"/home/deazon/final_project/final_project.sdk/nn_inference_grade3/src/TinyEngine/third_party/CMSIS_NN/Include" -I"/home/deazon/final_project/final_project.sdk/nn_inference_grade3/src/Include" -I"/home/deazon/final_project/final_project.sdk/nn_inference_grade3/src/Source" -c -fmessage-length=0 -MT"src/TinyEngine/src/reduce.o" -mcpu=cortex-a9 -mfpu=vfpv3 -mfloat-abi=hard -I../../nn_inference_grade3_bsp/ps7_cortexa9_0/include -MMD -MP -MF"src/TinyEngine/src/reduce.d" -MT"src/TinyEngine/src/reduce.o" -o "src/TinyEngine/src/reduce.o" "../src/TinyEngine/src/reduce.c"
../src/TinyEngine/src/reduce.c: In function 'reduce_mean_axis_1_2_int8':
../src/TinyEngine/src/reduce.c:28:1: warning: control reaches end of non-void function [-Wreturn-type]
 }
 ^
Finished building: ../src/TinyEngine/src/reduce.c
 
Building file: ../src/TinyEngine/src/requantize.c
Invoking: ARM v7 gcc compiler
arm-none-eabi-gcc -Wall -O3 -g3 -I"/home/deazon/final_project/final_project.sdk/nn_inference_grade3/src/TinyEngine/include" -I"/home/deazon/final_project/final_project.sdk/nn_inference_grade3/src/test_inputs" -I"/home/deazon/final_project/final_project.sdk/nn_inference_grade3/src/TinyEngine/third_party/CMSIS_NN/Include" -I"/home/deazon/final_project/final_project.sdk/nn_inference_grade3/src/Include" -I"/home/deazon/final_project/final_project.sdk/nn_inference_grade3/src/Source" -c -fmessage-length=0 -MT"src/TinyEngine/src/requantize.o" -mcpu=cortex-a9 -mfpu=vfpv3 -mfloat-abi=hard -I../../nn_inference_grade3_bsp/ps7_cortexa9_0/include -MMD -MP -MF"src/TinyEngine/src/requantize.d" -MT"src/TinyEngine/src/requantize.o" -o "src/TinyEngine/src/requantize.o" "../src/TinyEngine/src/requantize.c"
../src/TinyEngine/src/requantize.c: In function 'requantize_uint8_to_int8':
../src/TinyEngine/src/requantize.c:25:1: warning: control reaches end of non-void function [-Wreturn-type]
 }
 ^
Finished building: ../src/TinyEngine/src/requantize.c
 
Building file: ../src/TinyEngine/src/softmax_int8.c
Invoking: ARM v7 gcc compiler
arm-none-eabi-gcc -Wall -O3 -g3 -I"/home/deazon/final_project/final_project.sdk/nn_inference_grade3/src/TinyEngine/include" -I"/home/deazon/final_project/final_project.sdk/nn_inference_grade3/src/test_inputs" -I"/home/deazon/final_project/final_project.sdk/nn_inference_grade3/src/TinyEngine/third_party/CMSIS_NN/Include" -I"/home/deazon/final_project/final_project.sdk/nn_inference_grade3/src/Include" -I"/home/deazon/final_project/final_project.sdk/nn_inference_grade3/src/Source" -c -fmessage-length=0 -MT"src/TinyEngine/src/softmax_int8.o" -mcpu=cortex-a9 -mfpu=vfpv3 -mfloat-abi=hard -I../../nn_inference_grade3_bsp/ps7_cortexa9_0/include -MMD -MP -MF"src/TinyEngine/src/softmax_int8.d" -MT"src/TinyEngine/src/softmax_int8.o" -o "src/TinyEngine/src/softmax_int8.o" "../src/TinyEngine/src/softmax_int8.c"
../src/TinyEngine/src/softmax_int8.c: In function 'softmax_int8':
../src/TinyEngine/src/softmax_int8.c:12:1: warning: control reaches end of non-void function [-Wreturn-type]
 }
 ^
Finished building: ../src/TinyEngine/src/softmax_int8.c
 
Building file: ../src/Source/depthwise_kernel3x3_stride1_pad1_padoffset0_inplace_CHW.c
Invoking: ARM v7 gcc compiler
arm-none-eabi-gcc -Wall -O3 -g3 -I"/home/deazon/final_project/final_project.sdk/nn_inference_grade3/src/TinyEngine/include" -I"/home/deazon/final_project/final_project.sdk/nn_inference_grade3/src/test_inputs" -I"/home/deazon/final_project/final_project.sdk/nn_inference_grade3/src/TinyEngine/third_party/CMSIS_NN/Include" -I"/home/deazon/final_project/final_project.sdk/nn_inference_grade3/src/Include" -I"/home/deazon/final_project/final_project.sdk/nn_inference_grade3/src/Source" -c -fmessage-length=0 -MT"src/Source/depthwise_kernel3x3_stride1_pad1_padoffset0_inplace_CHW.o" -mcpu=cortex-a9 -mfpu=vfpv3 -mfloat-abi=hard -I../../nn_inference_grade3_bsp/ps7_cortexa9_0/include -MMD -MP -MF"src/Source/depthwise_kernel3x3_stride1_pad1_padoffset0_inplace_CHW.d" -MT"src/Source/depthwise_kernel3x3_stride1_pad1_padoffset0_inplace_CHW.o" -o "src/Source/depthwise_kernel3x3_stride1_pad1_padoffset0_inplace_CHW.o" "../src/Source/depthwise_kernel3x3_stride1_pad1_padoffset0_inplace_CHW.c"
Finished building: ../src/Source/depthwise_kernel3x3_stride1_pad1_padoffset0_inplace_CHW.c
 
Building file: ../src/Source/depthwise_kernel3x3_stride2_pad0_padoffset1_inplace_CHW.c
Invoking: ARM v7 gcc compiler
arm-none-eabi-gcc -Wall -O3 -g3 -I"/home/deazon/final_project/final_project.sdk/nn_inference_grade3/src/TinyEngine/include" -I"/home/deazon/final_project/final_project.sdk/nn_inference_grade3/src/test_inputs" -I"/home/deazon/final_project/final_project.sdk/nn_inference_grade3/src/TinyEngine/third_party/CMSIS_NN/Include" -I"/home/deazon/final_project/final_project.sdk/nn_inference_grade3/src/Include" -I"/home/deazon/final_project/final_project.sdk/nn_inference_grade3/src/Source" -c -fmessage-length=0 -MT"src/Source/depthwise_kernel3x3_stride2_pad0_padoffset1_inplace_CHW.o" -mcpu=cortex-a9 -mfpu=vfpv3 -mfloat-abi=hard -I../../nn_inference_grade3_bsp/ps7_cortexa9_0/include -MMD -MP -MF"src/Source/depthwise_kernel3x3_stride2_pad0_padoffset1_inplace_CHW.d" -MT"src/Source/depthwise_kernel3x3_stride2_pad0_padoffset1_inplace_CHW.o" -o "src/Source/depthwise_kernel3x3_stride2_pad0_padoffset1_inplace_CHW.o" "../src/Source/depthwise_kernel3x3_stride2_pad0_padoffset1_inplace_CHW.c"
Finished building: ../src/Source/depthwise_kernel3x3_stride2_pad0_padoffset1_inplace_CHW.c
 
Building file: ../src/Source/genModel.c
Invoking: ARM v7 gcc compiler
arm-none-eabi-gcc -Wall -O3 -g3 -I"/home/deazon/final_project/final_project.sdk/nn_inference_grade3/src/TinyEngine/include" -I"/home/deazon/final_project/final_project.sdk/nn_inference_grade3/src/test_inputs" -I"/home/deazon/final_project/final_project.sdk/nn_inference_grade3/src/TinyEngine/third_party/CMSIS_NN/Include" -I"/home/deazon/final_project/final_project.sdk/nn_inference_grade3/src/Include" -I"/home/deazon/final_project/final_project.sdk/nn_inference_grade3/src/Source" -c -fmessage-length=0 -MT"src/Source/genModel.o" -mcpu=cortex-a9 -mfpu=vfpv3 -mfloat-abi=hard -I../../nn_inference_grade3_bsp/ps7_cortexa9_0/include -MMD -MP -MF"src/Source/genModel.d" -MT"src/Source/genModel.o" -o "src/Source/genModel.o" "../src/Source/genModel.c"
In file included from ../src/Source/genModel.c:3:0:
../../nn_inference_grade3_bsp/ps7_cortexa9_0/include/xtime_l.h:87:9: note: #pragma message: For the sleep routines, Global timer is being used
 #pragma message ("For the sleep routines, Global timer is being used")
         ^~~~~~~
../src/Source/genModel.c: In function 'invoke_inf':
../src/Source/genModel.c:40:30: warning: pointer targets in passing argument 1 of 'requantize_uint8_to_int8' differ in signedness [-Wpointer-sign]
     requantize_uint8_to_int8(&buffer0[0],784, 1073741824,1,127,-1,-128,127,&buffer0[784]);
                              ^
In file included from ../src/Source/genModel.c:5:0:
/home/deazon/final_project/final_project.sdk/nn_inference_grade3/src/TinyEngine/include/tinyengine_function.h:93:19: note: expected 'const char *' but argument is of type 'signed char *'
 tinyengine_status requantize_uint8_to_int8(
                   ^~~~~~~~~~~~~~~~~~~~~~~~
Finished building: ../src/Source/genModel.c
 
Building file: ../src/main.c
Invoking: ARM v7 gcc compiler
arm-none-eabi-gcc -Wall -O3 -g3 -I"/home/deazon/final_project/final_project.sdk/nn_inference_grade3/src/TinyEngine/include" -I"/home/deazon/final_project/final_project.sdk/nn_inference_grade3/src/test_inputs" -I"/home/deazon/final_project/final_project.sdk/nn_inference_grade3/src/TinyEngine/third_party/CMSIS_NN/Include" -I"/home/deazon/final_project/final_project.sdk/nn_inference_grade3/src/Include" -I"/home/deazon/final_project/final_project.sdk/nn_inference_grade3/src/Source" -c -fmessage-length=0 -MT"src/main.o" -mcpu=cortex-a9 -mfpu=vfpv3 -mfloat-abi=hard -I../../nn_inference_grade3_bsp/ps7_cortexa9_0/include -MMD -MP -MF"src/main.d" -MT"src/main.o" -o "src/main.o" "../src/main.c"
In file included from ../src/main.c:12:0:
../../nn_inference_grade3_bsp/ps7_cortexa9_0/include/xtime_l.h:87:9: note: #pragma message: For the sleep routines, Global timer is being used
 #pragma message ("For the sleep routines, Global timer is being used")
         ^~~~~~~
Finished building: ../src/main.c
 
Building file: ../src/platform.c
Invoking: ARM v7 gcc compiler
arm-none-eabi-gcc -Wall -O3 -g3 -I"/home/deazon/final_project/final_project.sdk/nn_inference_grade3/src/TinyEngine/include" -I"/home/deazon/final_project/final_project.sdk/nn_inference_grade3/src/test_inputs" -I"/home/deazon/final_project/final_project.sdk/nn_inference_grade3/src/TinyEngine/third_party/CMSIS_NN/Include" -I"/home/deazon/final_project/final_project.sdk/nn_inference_grade3/src/Include" -I"/home/deazon/final_project/final_project.sdk/nn_inference_grade3/src/Source" -c -fmessage-length=0 -MT"src/platform.o" -mcpu=cortex-a9 -mfpu=vfpv3 -mfloat-abi=hard -I../../nn_inference_grade3_bsp/ps7_cortexa9_0/include -MMD -MP -MF"src/platform.d" -MT"src/platform.o" -o "src/platform.o" "../src/platform.c"
Finished building: ../src/platform.c
 
Building target: nn_inference_grade3.elf
Invoking: ARM v7 gcc linker
arm-none-eabi-gcc -mcpu=cortex-a9 -mfpu=vfpv3 -mfloat-abi=hard -Wl,-build-id=none -specs=Xilinx.spec -Wl,-T -Wl,../src/lscript.ld -L../../nn_inference_grade3_bsp/ps7_cortexa9_0/lib -o "nn_inference_grade3.elf" ./src/TinyEngine/third_party/CMSIS_NN/Source/arm_softmax_s8.o  ./src/TinyEngine/src/convolve_1x1_s8.o ./src/TinyEngine/src/convolve_s8_kernel3_stride1_pad1.o ./src/TinyEngine/src/convolve_s8_kernel3_stride2_padoffset1_oddch.o ./src/TinyEngine/src/mat_mult_kernels.o ./src/TinyEngine/src/reduce.o ./src/TinyEngine/src/requantize.o ./src/TinyEngine/src/softmax_int8.o  ./src/Source/depthwise_kernel3x3_stride1_pad1_padoffset0_inplace_CHW.o ./src/Source/depthwise_kernel3x3_stride2_pad0_padoffset1_inplace_CHW.o ./src/Source/genModel.o  ./src/main.o ./src/platform.o   -Wl,--start-group,-lxil,-lgcc,-lc,--end-group
Finished building target: nn_inference_grade3.elf
 
Invoking: ARM v7 Print Size
arm-none-eabi-size nn_inference_grade3.elf  |tee "nn_inference_grade3.elf.size"
   text	   data	    bss	    dec	    hex	filename
 112320	   2720	1073776	1188816	 1223d0	nn_inference_grade3.elf
Finished building: nn_inference_grade3.elf.size
 
04:20:43 **** Incremental Build of configuration Debug for project nn_inference_grade3 ****
make pre-build main-build 
a9-linaro-pre-build-step
 
make: Nothing to be done for 'main-build'.
04:21:55 **** Auto Build of configuration Debug for project nn_inference_grade3 ****
make pre-build main-build 
a9-linaro-pre-build-step
 
Building file: ../src/TinyEngine/third_party/CMSIS_NN/Source/arm_softmax_s8.c
Invoking: ARM v7 gcc compiler
arm-none-eabi-gcc -Wall -O3 -g3 -I"/home/deazon/final_project/final_project.sdk/nn_inference_grade3/src/TinyEngine/include" -I"/home/deazon/final_project/final_project.sdk/nn_inference_grade3/src/test_inputs" -I"/home/deazon/final_project/final_project.sdk/nn_inference_grade3/src/TinyEngine/third_party/CMSIS_NN/Include" -I"/home/deazon/final_project/final_project.sdk/nn_inference_grade3/src/Include" -I"/home/deazon/final_project/final_project.sdk/nn_inference_grade3/src/Source" -c -fmessage-length=0 -MT"src/TinyEngine/third_party/CMSIS_NN/Source/arm_softmax_s8.o" -mcpu=cortex-a9 -mfpu=vfpv3 -mfloat-abi=hard -I../../nn_inference_grade3_bsp/ps7_cortexa9_0/include -MMD -MP -MF"src/TinyEngine/third_party/CMSIS_NN/Source/arm_softmax_s8.d" -MT"src/TinyEngine/third_party/CMSIS_NN/Source/arm_softmax_s8.o" -o "src/TinyEngine/third_party/CMSIS_NN/Source/arm_softmax_s8.o" "../src/TinyEngine/third_party/CMSIS_NN/Source/arm_softmax_s8.c"
Finished building: ../src/TinyEngine/third_party/CMSIS_NN/Source/arm_softmax_s8.c
 
Building file: ../src/TinyEngine/src/convolve_1x1_s8.c
Invoking: ARM v7 gcc compiler
arm-none-eabi-gcc -Wall -O3 -g3 -I"/home/deazon/final_project/final_project.sdk/nn_inference_grade3/src/TinyEngine/include" -I"/home/deazon/final_project/final_project.sdk/nn_inference_grade3/src/test_inputs" -I"/home/deazon/final_project/final_project.sdk/nn_inference_grade3/src/TinyEngine/third_party/CMSIS_NN/Include" -I"/home/deazon/final_project/final_project.sdk/nn_inference_grade3/src/Include" -I"/home/deazon/final_project/final_project.sdk/nn_inference_grade3/src/Source" -c -fmessage-length=0 -MT"src/TinyEngine/src/convolve_1x1_s8.o" -mcpu=cortex-a9 -mfpu=vfpv3 -mfloat-abi=hard -I../../nn_inference_grade3_bsp/ps7_cortexa9_0/include -MMD -MP -MF"src/TinyEngine/src/convolve_1x1_s8.d" -MT"src/TinyEngine/src/convolve_1x1_s8.o" -o "src/TinyEngine/src/convolve_1x1_s8.o" "../src/TinyEngine/src/convolve_1x1_s8.c"
../src/TinyEngine/src/convolve_1x1_s8.c: In function 'convolve_1x1_s8':
../src/TinyEngine/src/convolve_1x1_s8.c:26:17: warning: initialization discards 'const' qualifier from pointer target type [-Wdiscarded-qualifiers]
   int8_t *src = &input[i_element * input_ch];
                 ^
Finished building: ../src/TinyEngine/src/convolve_1x1_s8.c
 
Building file: ../src/TinyEngine/src/convolve_s8_kernel3_stride1_pad1.c
Invoking: ARM v7 gcc compiler
arm-none-eabi-gcc -Wall -O3 -g3 -I"/home/deazon/final_project/final_project.sdk/nn_inference_grade3/src/TinyEngine/include" -I"/home/deazon/final_project/final_project.sdk/nn_inference_grade3/src/test_inputs" -I"/home/deazon/final_project/final_project.sdk/nn_inference_grade3/src/TinyEngine/third_party/CMSIS_NN/Include" -I"/home/deazon/final_project/final_project.sdk/nn_inference_grade3/src/Include" -I"/home/deazon/final_project/final_project.sdk/nn_inference_grade3/src/Source" -c -fmessage-length=0 -MT"src/TinyEngine/src/convolve_s8_kernel3_stride1_pad1.o" -mcpu=cortex-a9 -mfpu=vfpv3 -mfloat-abi=hard -I../../nn_inference_grade3_bsp/ps7_cortexa9_0/include -MMD -MP -MF"src/TinyEngine/src/convolve_s8_kernel3_stride1_pad1.d" -MT"src/TinyEngine/src/convolve_s8_kernel3_stride1_pad1.o" -o "src/TinyEngine/src/convolve_s8_kernel3_stride1_pad1.o" "../src/TinyEngine/src/convolve_s8_kernel3_stride1_pad1.c"
../src/TinyEngine/src/convolve_s8_kernel3_stride1_pad1.c: In function 'convolve_s8_kernel3_stride1_pad1':
../src/TinyEngine/src/convolve_s8_kernel3_stride1_pad1.c:34:10: warning: unused variable 'bytes' [-Wunused-variable]
  int8_t* bytes = (int8_t*)&pad_out_q15x2;
          ^~~~~
Finished building: ../src/TinyEngine/src/convolve_s8_kernel3_stride1_pad1.c
 
Building file: ../src/TinyEngine/src/convolve_s8_kernel3_stride2_padoffset1_oddch.c
Invoking: ARM v7 gcc compiler
arm-none-eabi-gcc -Wall -O3 -g3 -I"/home/deazon/final_project/final_project.sdk/nn_inference_grade3/src/TinyEngine/include" -I"/home/deazon/final_project/final_project.sdk/nn_inference_grade3/src/test_inputs" -I"/home/deazon/final_project/final_project.sdk/nn_inference_grade3/src/TinyEngine/third_party/CMSIS_NN/Include" -I"/home/deazon/final_project/final_project.sdk/nn_inference_grade3/src/Include" -I"/home/deazon/final_project/final_project.sdk/nn_inference_grade3/src/Source" -c -fmessage-length=0 -MT"src/TinyEngine/src/convolve_s8_kernel3_stride2_padoffset1_oddch.o" -mcpu=cortex-a9 -mfpu=vfpv3 -mfloat-abi=hard -I../../nn_inference_grade3_bsp/ps7_cortexa9_0/include -MMD -MP -MF"src/TinyEngine/src/convolve_s8_kernel3_stride2_padoffset1_oddch.d" -MT"src/TinyEngine/src/convolve_s8_kernel3_stride2_padoffset1_oddch.o" -o "src/TinyEngine/src/convolve_s8_kernel3_stride2_padoffset1_oddch.o" "../src/TinyEngine/src/convolve_s8_kernel3_stride2_padoffset1_oddch.c"
../src/TinyEngine/src/convolve_s8_kernel3_stride2_padoffset1_oddch.c: In function 'convolve_s8_kernel3_stride2_padoffset1_oddch':
../src/TinyEngine/src/convolve_s8_kernel3_stride2_padoffset1_oddch.c:24:12: warning: unused variable 'channel_div2' [-Wunused-variable]
  const int channel_div2 = (input_ch >> 1);
            ^~~~~~~~~~~~
../src/TinyEngine/src/convolve_s8_kernel3_stride2_padoffset1_oddch.c:23:12: warning: unused variable 'channel_div4' [-Wunused-variable]
  const int channel_div4 = (input_ch >> 2);
            ^~~~~~~~~~~~
Finished building: ../src/TinyEngine/src/convolve_s8_kernel3_stride2_padoffset1_oddch.c
 
Building file: ../src/TinyEngine/src/mat_mult_kernels.c
Invoking: ARM v7 gcc compiler
arm-none-eabi-gcc -Wall -O3 -g3 -I"/home/deazon/final_project/final_project.sdk/nn_inference_grade3/src/TinyEngine/include" -I"/home/deazon/final_project/final_project.sdk/nn_inference_grade3/src/test_inputs" -I"/home/deazon/final_project/final_project.sdk/nn_inference_grade3/src/TinyEngine/third_party/CMSIS_NN/Include" -I"/home/deazon/final_project/final_project.sdk/nn_inference_grade3/src/Include" -I"/home/deazon/final_project/final_project.sdk/nn_inference_grade3/src/Source" -c -fmessage-length=0 -MT"src/TinyEngine/src/mat_mult_kernels.o" -mcpu=cortex-a9 -mfpu=vfpv3 -mfloat-abi=hard -I../../nn_inference_grade3_bsp/ps7_cortexa9_0/include -MMD -MP -MF"src/TinyEngine/src/mat_mult_kernels.d" -MT"src/TinyEngine/src/mat_mult_kernels.o" -o "src/TinyEngine/src/mat_mult_kernels.o" "../src/TinyEngine/src/mat_mult_kernels.c"
Finished building: ../src/TinyEngine/src/mat_mult_kernels.c
 
Building file: ../src/TinyEngine/src/reduce.c
Invoking: ARM v7 gcc compiler
arm-none-eabi-gcc -Wall -O3 -g3 -I"/home/deazon/final_project/final_project.sdk/nn_inference_grade3/src/TinyEngine/include" -I"/home/deazon/final_project/final_project.sdk/nn_inference_grade3/src/test_inputs" -I"/home/deazon/final_project/final_project.sdk/nn_inference_grade3/src/TinyEngine/third_party/CMSIS_NN/Include" -I"/home/deazon/final_project/final_project.sdk/nn_inference_grade3/src/Include" -I"/home/deazon/final_project/final_project.sdk/nn_inference_grade3/src/Source" -c -fmessage-length=0 -MT"src/TinyEngine/src/reduce.o" -mcpu=cortex-a9 -mfpu=vfpv3 -mfloat-abi=hard -I../../nn_inference_grade3_bsp/ps7_cortexa9_0/include -MMD -MP -MF"src/TinyEngine/src/reduce.d" -MT"src/TinyEngine/src/reduce.o" -o "src/TinyEngine/src/reduce.o" "../src/TinyEngine/src/reduce.c"
../src/TinyEngine/src/reduce.c: In function 'reduce_mean_axis_1_2_int8':
../src/TinyEngine/src/reduce.c:28:1: warning: control reaches end of non-void function [-Wreturn-type]
 }
 ^
Finished building: ../src/TinyEngine/src/reduce.c
 
Building file: ../src/TinyEngine/src/requantize.c
Invoking: ARM v7 gcc compiler
arm-none-eabi-gcc -Wall -O3 -g3 -I"/home/deazon/final_project/final_project.sdk/nn_inference_grade3/src/TinyEngine/include" -I"/home/deazon/final_project/final_project.sdk/nn_inference_grade3/src/test_inputs" -I"/home/deazon/final_project/final_project.sdk/nn_inference_grade3/src/TinyEngine/third_party/CMSIS_NN/Include" -I"/home/deazon/final_project/final_project.sdk/nn_inference_grade3/src/Include" -I"/home/deazon/final_project/final_project.sdk/nn_inference_grade3/src/Source" -c -fmessage-length=0 -MT"src/TinyEngine/src/requantize.o" -mcpu=cortex-a9 -mfpu=vfpv3 -mfloat-abi=hard -I../../nn_inference_grade3_bsp/ps7_cortexa9_0/include -MMD -MP -MF"src/TinyEngine/src/requantize.d" -MT"src/TinyEngine/src/requantize.o" -o "src/TinyEngine/src/requantize.o" "../src/TinyEngine/src/requantize.c"
../src/TinyEngine/src/requantize.c: In function 'requantize_uint8_to_int8':
../src/TinyEngine/src/requantize.c:25:1: warning: control reaches end of non-void function [-Wreturn-type]
 }
 ^
Finished building: ../src/TinyEngine/src/requantize.c
 
Building file: ../src/TinyEngine/src/softmax_int8.c
Invoking: ARM v7 gcc compiler
arm-none-eabi-gcc -Wall -O3 -g3 -I"/home/deazon/final_project/final_project.sdk/nn_inference_grade3/src/TinyEngine/include" -I"/home/deazon/final_project/final_project.sdk/nn_inference_grade3/src/test_inputs" -I"/home/deazon/final_project/final_project.sdk/nn_inference_grade3/src/TinyEngine/third_party/CMSIS_NN/Include" -I"/home/deazon/final_project/final_project.sdk/nn_inference_grade3/src/Include" -I"/home/deazon/final_project/final_project.sdk/nn_inference_grade3/src/Source" -c -fmessage-length=0 -MT"src/TinyEngine/src/softmax_int8.o" -mcpu=cortex-a9 -mfpu=vfpv3 -mfloat-abi=hard -I../../nn_inference_grade3_bsp/ps7_cortexa9_0/include -MMD -MP -MF"src/TinyEngine/src/softmax_int8.d" -MT"src/TinyEngine/src/softmax_int8.o" -o "src/TinyEngine/src/softmax_int8.o" "../src/TinyEngine/src/softmax_int8.c"
../src/TinyEngine/src/softmax_int8.c: In function 'softmax_int8':
../src/TinyEngine/src/softmax_int8.c:12:1: warning: control reaches end of non-void function [-Wreturn-type]
 }
 ^
Finished building: ../src/TinyEngine/src/softmax_int8.c
 
Building file: ../src/Source/depthwise_kernel3x3_stride1_pad1_padoffset0_inplace_CHW.c
Invoking: ARM v7 gcc compiler
arm-none-eabi-gcc -Wall -O3 -g3 -I"/home/deazon/final_project/final_project.sdk/nn_inference_grade3/src/TinyEngine/include" -I"/home/deazon/final_project/final_project.sdk/nn_inference_grade3/src/test_inputs" -I"/home/deazon/final_project/final_project.sdk/nn_inference_grade3/src/TinyEngine/third_party/CMSIS_NN/Include" -I"/home/deazon/final_project/final_project.sdk/nn_inference_grade3/src/Include" -I"/home/deazon/final_project/final_project.sdk/nn_inference_grade3/src/Source" -c -fmessage-length=0 -MT"src/Source/depthwise_kernel3x3_stride1_pad1_padoffset0_inplace_CHW.o" -mcpu=cortex-a9 -mfpu=vfpv3 -mfloat-abi=hard -I../../nn_inference_grade3_bsp/ps7_cortexa9_0/include -MMD -MP -MF"src/Source/depthwise_kernel3x3_stride1_pad1_padoffset0_inplace_CHW.d" -MT"src/Source/depthwise_kernel3x3_stride1_pad1_padoffset0_inplace_CHW.o" -o "src/Source/depthwise_kernel3x3_stride1_pad1_padoffset0_inplace_CHW.o" "../src/Source/depthwise_kernel3x3_stride1_pad1_padoffset0_inplace_CHW.c"
Finished building: ../src/Source/depthwise_kernel3x3_stride1_pad1_padoffset0_inplace_CHW.c
 
Building file: ../src/Source/depthwise_kernel3x3_stride2_pad0_padoffset1_inplace_CHW.c
Invoking: ARM v7 gcc compiler
arm-none-eabi-gcc -Wall -O3 -g3 -I"/home/deazon/final_project/final_project.sdk/nn_inference_grade3/src/TinyEngine/include" -I"/home/deazon/final_project/final_project.sdk/nn_inference_grade3/src/test_inputs" -I"/home/deazon/final_project/final_project.sdk/nn_inference_grade3/src/TinyEngine/third_party/CMSIS_NN/Include" -I"/home/deazon/final_project/final_project.sdk/nn_inference_grade3/src/Include" -I"/home/deazon/final_project/final_project.sdk/nn_inference_grade3/src/Source" -c -fmessage-length=0 -MT"src/Source/depthwise_kernel3x3_stride2_pad0_padoffset1_inplace_CHW.o" -mcpu=cortex-a9 -mfpu=vfpv3 -mfloat-abi=hard -I../../nn_inference_grade3_bsp/ps7_cortexa9_0/include -MMD -MP -MF"src/Source/depthwise_kernel3x3_stride2_pad0_padoffset1_inplace_CHW.d" -MT"src/Source/depthwise_kernel3x3_stride2_pad0_padoffset1_inplace_CHW.o" -o "src/Source/depthwise_kernel3x3_stride2_pad0_padoffset1_inplace_CHW.o" "../src/Source/depthwise_kernel3x3_stride2_pad0_padoffset1_inplace_CHW.c"
Finished building: ../src/Source/depthwise_kernel3x3_stride2_pad0_padoffset1_inplace_CHW.c
 
Building file: ../src/Source/genModel.c
Invoking: ARM v7 gcc compiler
arm-none-eabi-gcc -Wall -O3 -g3 -I"/home/deazon/final_project/final_project.sdk/nn_inference_grade3/src/TinyEngine/include" -I"/home/deazon/final_project/final_project.sdk/nn_inference_grade3/src/test_inputs" -I"/home/deazon/final_project/final_project.sdk/nn_inference_grade3/src/TinyEngine/third_party/CMSIS_NN/Include" -I"/home/deazon/final_project/final_project.sdk/nn_inference_grade3/src/Include" -I"/home/deazon/final_project/final_project.sdk/nn_inference_grade3/src/Source" -c -fmessage-length=0 -MT"src/Source/genModel.o" -mcpu=cortex-a9 -mfpu=vfpv3 -mfloat-abi=hard -I../../nn_inference_grade3_bsp/ps7_cortexa9_0/include -MMD -MP -MF"src/Source/genModel.d" -MT"src/Source/genModel.o" -o "src/Source/genModel.o" "../src/Source/genModel.c"
In file included from ../src/Source/genModel.c:3:0:
../../nn_inference_grade3_bsp/ps7_cortexa9_0/include/xtime_l.h:87:9: note: #pragma message: For the sleep routines, Global timer is being used
 #pragma message ("For the sleep routines, Global timer is being used")
         ^~~~~~~
../src/Source/genModel.c: In function 'invoke_inf':
../src/Source/genModel.c:40:30: warning: pointer targets in passing argument 1 of 'requantize_uint8_to_int8' differ in signedness [-Wpointer-sign]
     requantize_uint8_to_int8(&buffer0[0],784, 1073741824,1,127,-1,-128,127,&buffer0[784]);
                              ^
In file included from ../src/Source/genModel.c:5:0:
/home/deazon/final_project/final_project.sdk/nn_inference_grade3/src/TinyEngine/include/tinyengine_function.h:93:19: note: expected 'const char *' but argument is of type 'signed char *'
 tinyengine_status requantize_uint8_to_int8(
                   ^~~~~~~~~~~~~~~~~~~~~~~~
Finished building: ../src/Source/genModel.c
 
Building file: ../src/main.c
Invoking: ARM v7 gcc compiler
arm-none-eabi-gcc -Wall -O3 -g3 -I"/home/deazon/final_project/final_project.sdk/nn_inference_grade3/src/TinyEngine/include" -I"/home/deazon/final_project/final_project.sdk/nn_inference_grade3/src/test_inputs" -I"/home/deazon/final_project/final_project.sdk/nn_inference_grade3/src/TinyEngine/third_party/CMSIS_NN/Include" -I"/home/deazon/final_project/final_project.sdk/nn_inference_grade3/src/Include" -I"/home/deazon/final_project/final_project.sdk/nn_inference_grade3/src/Source" -c -fmessage-length=0 -MT"src/main.o" -mcpu=cortex-a9 -mfpu=vfpv3 -mfloat-abi=hard -I../../nn_inference_grade3_bsp/ps7_cortexa9_0/include -MMD -MP -MF"src/main.d" -MT"src/main.o" -o "src/main.o" "../src/main.c"
In file included from ../src/main.c:12:0:
../../nn_inference_grade3_bsp/ps7_cortexa9_0/include/xtime_l.h:87:9: note: #pragma message: For the sleep routines, Global timer is being used
 #pragma message ("For the sleep routines, Global timer is being used")
         ^~~~~~~
Finished building: ../src/main.c
 
Building target: nn_inference_grade3.elf
Invoking: ARM v7 gcc linker
arm-none-eabi-gcc -mcpu=cortex-a9 -mfpu=vfpv3 -mfloat-abi=hard -Wl,-build-id=none -specs=Xilinx.spec -Wl,-T -Wl,../src/lscript.ld -L../../nn_inference_grade3_bsp/ps7_cortexa9_0/lib -o "nn_inference_grade3.elf" ./src/TinyEngine/third_party/CMSIS_NN/Source/arm_softmax_s8.o  ./src/TinyEngine/src/convolve_1x1_s8.o ./src/TinyEngine/src/convolve_s8_kernel3_stride1_pad1.o ./src/TinyEngine/src/convolve_s8_kernel3_stride2_padoffset1_oddch.o ./src/TinyEngine/src/mat_mult_kernels.o ./src/TinyEngine/src/reduce.o ./src/TinyEngine/src/requantize.o ./src/TinyEngine/src/softmax_int8.o  ./src/Source/depthwise_kernel3x3_stride1_pad1_padoffset0_inplace_CHW.o ./src/Source/depthwise_kernel3x3_stride2_pad0_padoffset1_inplace_CHW.o ./src/Source/genModel.o  ./src/main.o ./src/platform.o   -Wl,--start-group,-lxil,-lgcc,-lc,--end-group
Finished building target: nn_inference_grade3.elf
 
Invoking: ARM v7 Print Size
arm-none-eabi-size nn_inference_grade3.elf  |tee "nn_inference_grade3.elf.size"
   text	   data	    bss	    dec	    hex	filename
 112244	   2720	1073776	1188740	 122384	nn_inference_grade3.elf
Finished building: nn_inference_grade3.elf.size
 
04:22:02 **** Incremental Build of configuration Debug for project nn_inference_grade3 ****
make pre-build main-build 
a9-linaro-pre-build-step
 
make: Nothing to be done for 'main-build'.
04:23:06 **** Incremental Build of configuration Debug for project nn_inference_grade3 ****
make pre-build main-build 
a9-linaro-pre-build-step
 
make: Nothing to be done for 'main-build'.
04:23:36 **** Incremental Build of configuration Debug for project nn_inference_grade3 ****
make pre-build main-build 
a9-linaro-pre-build-step
 
make: Nothing to be done for 'main-build'.
04:26:09 **** Auto Build of configuration Debug for project nn_inference_grade3 ****
make pre-build main-build 
a9-linaro-pre-build-step
 
Building file: ../src/TinyEngine/third_party/CMSIS_NN/Source/arm_softmax_s8.c
Invoking: ARM v7 gcc compiler
arm-none-eabi-gcc -Wall -O3 -g3 -I"/home/deazon/final_project/final_project.sdk/nn_inference_grade3/src/TinyEngine/include" -I"/home/deazon/final_project/final_project.sdk/nn_inference_grade3/src/test_inputs" -I"/home/deazon/final_project/final_project.sdk/nn_inference_grade3/src/TinyEngine/third_party/CMSIS_NN/Include" -I"/home/deazon/final_project/final_project.sdk/nn_inference_grade3/src/Include" -I"/home/deazon/final_project/final_project.sdk/nn_inference_grade3/src/Source" -c -fmessage-length=0 -MT"src/TinyEngine/third_party/CMSIS_NN/Source/arm_softmax_s8.o" -mcpu=cortex-a9 -mfpu=vfpv3 -mfloat-abi=hard -I../../nn_inference_grade3_bsp/ps7_cortexa9_0/include -MMD -MP -MF"src/TinyEngine/third_party/CMSIS_NN/Source/arm_softmax_s8.d" -MT"src/TinyEngine/third_party/CMSIS_NN/Source/arm_softmax_s8.o" -o "src/TinyEngine/third_party/CMSIS_NN/Source/arm_softmax_s8.o" "../src/TinyEngine/third_party/CMSIS_NN/Source/arm_softmax_s8.c"
Finished building: ../src/TinyEngine/third_party/CMSIS_NN/Source/arm_softmax_s8.c
 
Building file: ../src/TinyEngine/src/convolve_1x1_s8.c
Invoking: ARM v7 gcc compiler
arm-none-eabi-gcc -Wall -O3 -g3 -I"/home/deazon/final_project/final_project.sdk/nn_inference_grade3/src/TinyEngine/include" -I"/home/deazon/final_project/final_project.sdk/nn_inference_grade3/src/test_inputs" -I"/home/deazon/final_project/final_project.sdk/nn_inference_grade3/src/TinyEngine/third_party/CMSIS_NN/Include" -I"/home/deazon/final_project/final_project.sdk/nn_inference_grade3/src/Include" -I"/home/deazon/final_project/final_project.sdk/nn_inference_grade3/src/Source" -c -fmessage-length=0 -MT"src/TinyEngine/src/convolve_1x1_s8.o" -mcpu=cortex-a9 -mfpu=vfpv3 -mfloat-abi=hard -I../../nn_inference_grade3_bsp/ps7_cortexa9_0/include -MMD -MP -MF"src/TinyEngine/src/convolve_1x1_s8.d" -MT"src/TinyEngine/src/convolve_1x1_s8.o" -o "src/TinyEngine/src/convolve_1x1_s8.o" "../src/TinyEngine/src/convolve_1x1_s8.c"
../src/TinyEngine/src/convolve_1x1_s8.c: In function 'convolve_1x1_s8':
../src/TinyEngine/src/convolve_1x1_s8.c:26:17: warning: initialization discards 'const' qualifier from pointer target type [-Wdiscarded-qualifiers]
   int8_t *src = &input[i_element * input_ch];
                 ^
Finished building: ../src/TinyEngine/src/convolve_1x1_s8.c
 
Building file: ../src/TinyEngine/src/convolve_s8_kernel3_stride1_pad1.c
Invoking: ARM v7 gcc compiler
arm-none-eabi-gcc -Wall -O3 -g3 -I"/home/deazon/final_project/final_project.sdk/nn_inference_grade3/src/TinyEngine/include" -I"/home/deazon/final_project/final_project.sdk/nn_inference_grade3/src/test_inputs" -I"/home/deazon/final_project/final_project.sdk/nn_inference_grade3/src/TinyEngine/third_party/CMSIS_NN/Include" -I"/home/deazon/final_project/final_project.sdk/nn_inference_grade3/src/Include" -I"/home/deazon/final_project/final_project.sdk/nn_inference_grade3/src/Source" -c -fmessage-length=0 -MT"src/TinyEngine/src/convolve_s8_kernel3_stride1_pad1.o" -mcpu=cortex-a9 -mfpu=vfpv3 -mfloat-abi=hard -I../../nn_inference_grade3_bsp/ps7_cortexa9_0/include -MMD -MP -MF"src/TinyEngine/src/convolve_s8_kernel3_stride1_pad1.d" -MT"src/TinyEngine/src/convolve_s8_kernel3_stride1_pad1.o" -o "src/TinyEngine/src/convolve_s8_kernel3_stride1_pad1.o" "../src/TinyEngine/src/convolve_s8_kernel3_stride1_pad1.c"
../src/TinyEngine/src/convolve_s8_kernel3_stride1_pad1.c: In function 'convolve_s8_kernel3_stride1_pad1':
../src/TinyEngine/src/convolve_s8_kernel3_stride1_pad1.c:34:10: warning: unused variable 'bytes' [-Wunused-variable]
  int8_t* bytes = (int8_t*)&pad_out_q15x2;
          ^~~~~
Finished building: ../src/TinyEngine/src/convolve_s8_kernel3_stride1_pad1.c
 
Building file: ../src/TinyEngine/src/convolve_s8_kernel3_stride2_padoffset1_oddch.c
Invoking: ARM v7 gcc compiler
arm-none-eabi-gcc -Wall -O3 -g3 -I"/home/deazon/final_project/final_project.sdk/nn_inference_grade3/src/TinyEngine/include" -I"/home/deazon/final_project/final_project.sdk/nn_inference_grade3/src/test_inputs" -I"/home/deazon/final_project/final_project.sdk/nn_inference_grade3/src/TinyEngine/third_party/CMSIS_NN/Include" -I"/home/deazon/final_project/final_project.sdk/nn_inference_grade3/src/Include" -I"/home/deazon/final_project/final_project.sdk/nn_inference_grade3/src/Source" -c -fmessage-length=0 -MT"src/TinyEngine/src/convolve_s8_kernel3_stride2_padoffset1_oddch.o" -mcpu=cortex-a9 -mfpu=vfpv3 -mfloat-abi=hard -I../../nn_inference_grade3_bsp/ps7_cortexa9_0/include -MMD -MP -MF"src/TinyEngine/src/convolve_s8_kernel3_stride2_padoffset1_oddch.d" -MT"src/TinyEngine/src/convolve_s8_kernel3_stride2_padoffset1_oddch.o" -o "src/TinyEngine/src/convolve_s8_kernel3_stride2_padoffset1_oddch.o" "../src/TinyEngine/src/convolve_s8_kernel3_stride2_padoffset1_oddch.c"
../src/TinyEngine/src/convolve_s8_kernel3_stride2_padoffset1_oddch.c: In function 'convolve_s8_kernel3_stride2_padoffset1_oddch':
../src/TinyEngine/src/convolve_s8_kernel3_stride2_padoffset1_oddch.c:24:12: warning: unused variable 'channel_div2' [-Wunused-variable]
  const int channel_div2 = (input_ch >> 1);
            ^~~~~~~~~~~~
../src/TinyEngine/src/convolve_s8_kernel3_stride2_padoffset1_oddch.c:23:12: warning: unused variable 'channel_div4' [-Wunused-variable]
  const int channel_div4 = (input_ch >> 2);
            ^~~~~~~~~~~~
Finished building: ../src/TinyEngine/src/convolve_s8_kernel3_stride2_padoffset1_oddch.c
 
Building file: ../src/TinyEngine/src/mat_mult_kernels.c
Invoking: ARM v7 gcc compiler
arm-none-eabi-gcc -Wall -O3 -g3 -I"/home/deazon/final_project/final_project.sdk/nn_inference_grade3/src/TinyEngine/include" -I"/home/deazon/final_project/final_project.sdk/nn_inference_grade3/src/test_inputs" -I"/home/deazon/final_project/final_project.sdk/nn_inference_grade3/src/TinyEngine/third_party/CMSIS_NN/Include" -I"/home/deazon/final_project/final_project.sdk/nn_inference_grade3/src/Include" -I"/home/deazon/final_project/final_project.sdk/nn_inference_grade3/src/Source" -c -fmessage-length=0 -MT"src/TinyEngine/src/mat_mult_kernels.o" -mcpu=cortex-a9 -mfpu=vfpv3 -mfloat-abi=hard -I../../nn_inference_grade3_bsp/ps7_cortexa9_0/include -MMD -MP -MF"src/TinyEngine/src/mat_mult_kernels.d" -MT"src/TinyEngine/src/mat_mult_kernels.o" -o "src/TinyEngine/src/mat_mult_kernels.o" "../src/TinyEngine/src/mat_mult_kernels.c"
Finished building: ../src/TinyEngine/src/mat_mult_kernels.c
 
Building file: ../src/TinyEngine/src/reduce.c
Invoking: ARM v7 gcc compiler
arm-none-eabi-gcc -Wall -O3 -g3 -I"/home/deazon/final_project/final_project.sdk/nn_inference_grade3/src/TinyEngine/include" -I"/home/deazon/final_project/final_project.sdk/nn_inference_grade3/src/test_inputs" -I"/home/deazon/final_project/final_project.sdk/nn_inference_grade3/src/TinyEngine/third_party/CMSIS_NN/Include" -I"/home/deazon/final_project/final_project.sdk/nn_inference_grade3/src/Include" -I"/home/deazon/final_project/final_project.sdk/nn_inference_grade3/src/Source" -c -fmessage-length=0 -MT"src/TinyEngine/src/reduce.o" -mcpu=cortex-a9 -mfpu=vfpv3 -mfloat-abi=hard -I../../nn_inference_grade3_bsp/ps7_cortexa9_0/include -MMD -MP -MF"src/TinyEngine/src/reduce.d" -MT"src/TinyEngine/src/reduce.o" -o "src/TinyEngine/src/reduce.o" "../src/TinyEngine/src/reduce.c"
../src/TinyEngine/src/reduce.c: In function 'reduce_mean_axis_1_2_int8':
../src/TinyEngine/src/reduce.c:28:1: warning: control reaches end of non-void function [-Wreturn-type]
 }
 ^
Finished building: ../src/TinyEngine/src/reduce.c
 
Building file: ../src/TinyEngine/src/requantize.c
Invoking: ARM v7 gcc compiler
arm-none-eabi-gcc -Wall -O3 -g3 -I"/home/deazon/final_project/final_project.sdk/nn_inference_grade3/src/TinyEngine/include" -I"/home/deazon/final_project/final_project.sdk/nn_inference_grade3/src/test_inputs" -I"/home/deazon/final_project/final_project.sdk/nn_inference_grade3/src/TinyEngine/third_party/CMSIS_NN/Include" -I"/home/deazon/final_project/final_project.sdk/nn_inference_grade3/src/Include" -I"/home/deazon/final_project/final_project.sdk/nn_inference_grade3/src/Source" -c -fmessage-length=0 -MT"src/TinyEngine/src/requantize.o" -mcpu=cortex-a9 -mfpu=vfpv3 -mfloat-abi=hard -I../../nn_inference_grade3_bsp/ps7_cortexa9_0/include -MMD -MP -MF"src/TinyEngine/src/requantize.d" -MT"src/TinyEngine/src/requantize.o" -o "src/TinyEngine/src/requantize.o" "../src/TinyEngine/src/requantize.c"
../src/TinyEngine/src/requantize.c: In function 'requantize_uint8_to_int8':
../src/TinyEngine/src/requantize.c:25:1: warning: control reaches end of non-void function [-Wreturn-type]
 }
 ^
Finished building: ../src/TinyEngine/src/requantize.c
 
Building file: ../src/TinyEngine/src/softmax_int8.c
Invoking: ARM v7 gcc compiler
arm-none-eabi-gcc -Wall -O3 -g3 -I"/home/deazon/final_project/final_project.sdk/nn_inference_grade3/src/TinyEngine/include" -I"/home/deazon/final_project/final_project.sdk/nn_inference_grade3/src/test_inputs" -I"/home/deazon/final_project/final_project.sdk/nn_inference_grade3/src/TinyEngine/third_party/CMSIS_NN/Include" -I"/home/deazon/final_project/final_project.sdk/nn_inference_grade3/src/Include" -I"/home/deazon/final_project/final_project.sdk/nn_inference_grade3/src/Source" -c -fmessage-length=0 -MT"src/TinyEngine/src/softmax_int8.o" -mcpu=cortex-a9 -mfpu=vfpv3 -mfloat-abi=hard -I../../nn_inference_grade3_bsp/ps7_cortexa9_0/include -MMD -MP -MF"src/TinyEngine/src/softmax_int8.d" -MT"src/TinyEngine/src/softmax_int8.o" -o "src/TinyEngine/src/softmax_int8.o" "../src/TinyEngine/src/softmax_int8.c"
../src/TinyEngine/src/softmax_int8.c: In function 'softmax_int8':
../src/TinyEngine/src/softmax_int8.c:12:1: warning: control reaches end of non-void function [-Wreturn-type]
 }
 ^
Finished building: ../src/TinyEngine/src/softmax_int8.c
 
Building file: ../src/Source/depthwise_kernel3x3_stride1_pad1_padoffset0_inplace_CHW.c
Invoking: ARM v7 gcc compiler
arm-none-eabi-gcc -Wall -O3 -g3 -I"/home/deazon/final_project/final_project.sdk/nn_inference_grade3/src/TinyEngine/include" -I"/home/deazon/final_project/final_project.sdk/nn_inference_grade3/src/test_inputs" -I"/home/deazon/final_project/final_project.sdk/nn_inference_grade3/src/TinyEngine/third_party/CMSIS_NN/Include" -I"/home/deazon/final_project/final_project.sdk/nn_inference_grade3/src/Include" -I"/home/deazon/final_project/final_project.sdk/nn_inference_grade3/src/Source" -c -fmessage-length=0 -MT"src/Source/depthwise_kernel3x3_stride1_pad1_padoffset0_inplace_CHW.o" -mcpu=cortex-a9 -mfpu=vfpv3 -mfloat-abi=hard -I../../nn_inference_grade3_bsp/ps7_cortexa9_0/include -MMD -MP -MF"src/Source/depthwise_kernel3x3_stride1_pad1_padoffset0_inplace_CHW.d" -MT"src/Source/depthwise_kernel3x3_stride1_pad1_padoffset0_inplace_CHW.o" -o "src/Source/depthwise_kernel3x3_stride1_pad1_padoffset0_inplace_CHW.o" "../src/Source/depthwise_kernel3x3_stride1_pad1_padoffset0_inplace_CHW.c"
Finished building: ../src/Source/depthwise_kernel3x3_stride1_pad1_padoffset0_inplace_CHW.c
 
Building file: ../src/Source/depthwise_kernel3x3_stride2_pad0_padoffset1_inplace_CHW.c
Invoking: ARM v7 gcc compiler
arm-none-eabi-gcc -Wall -O3 -g3 -I"/home/deazon/final_project/final_project.sdk/nn_inference_grade3/src/TinyEngine/include" -I"/home/deazon/final_project/final_project.sdk/nn_inference_grade3/src/test_inputs" -I"/home/deazon/final_project/final_project.sdk/nn_inference_grade3/src/TinyEngine/third_party/CMSIS_NN/Include" -I"/home/deazon/final_project/final_project.sdk/nn_inference_grade3/src/Include" -I"/home/deazon/final_project/final_project.sdk/nn_inference_grade3/src/Source" -c -fmessage-length=0 -MT"src/Source/depthwise_kernel3x3_stride2_pad0_padoffset1_inplace_CHW.o" -mcpu=cortex-a9 -mfpu=vfpv3 -mfloat-abi=hard -I../../nn_inference_grade3_bsp/ps7_cortexa9_0/include -MMD -MP -MF"src/Source/depthwise_kernel3x3_stride2_pad0_padoffset1_inplace_CHW.d" -MT"src/Source/depthwise_kernel3x3_stride2_pad0_padoffset1_inplace_CHW.o" -o "src/Source/depthwise_kernel3x3_stride2_pad0_padoffset1_inplace_CHW.o" "../src/Source/depthwise_kernel3x3_stride2_pad0_padoffset1_inplace_CHW.c"
Finished building: ../src/Source/depthwise_kernel3x3_stride2_pad0_padoffset1_inplace_CHW.c
 
Building file: ../src/Source/genModel.c
Invoking: ARM v7 gcc compiler
arm-none-eabi-gcc -Wall -O3 -g3 -I"/home/deazon/final_project/final_project.sdk/nn_inference_grade3/src/TinyEngine/include" -I"/home/deazon/final_project/final_project.sdk/nn_inference_grade3/src/test_inputs" -I"/home/deazon/final_project/final_project.sdk/nn_inference_grade3/src/TinyEngine/third_party/CMSIS_NN/Include" -I"/home/deazon/final_project/final_project.sdk/nn_inference_grade3/src/Include" -I"/home/deazon/final_project/final_project.sdk/nn_inference_grade3/src/Source" -c -fmessage-length=0 -MT"src/Source/genModel.o" -mcpu=cortex-a9 -mfpu=vfpv3 -mfloat-abi=hard -I../../nn_inference_grade3_bsp/ps7_cortexa9_0/include -MMD -MP -MF"src/Source/genModel.d" -MT"src/Source/genModel.o" -o "src/Source/genModel.o" "../src/Source/genModel.c"
In file included from ../src/Source/genModel.c:3:0:
../../nn_inference_grade3_bsp/ps7_cortexa9_0/include/xtime_l.h:87:9: note: #pragma message: For the sleep routines, Global timer is being used
 #pragma message ("For the sleep routines, Global timer is being used")
         ^~~~~~~
../src/Source/genModel.c: In function 'invoke_inf':
../src/Source/genModel.c:40:30: warning: pointer targets in passing argument 1 of 'requantize_uint8_to_int8' differ in signedness [-Wpointer-sign]
     requantize_uint8_to_int8(&buffer0[0],784, 1073741824,1,127,-1,-128,127,&buffer0[784]);
                              ^
In file included from ../src/Source/genModel.c:5:0:
/home/deazon/final_project/final_project.sdk/nn_inference_grade3/src/TinyEngine/include/tinyengine_function.h:93:19: note: expected 'const char *' but argument is of type 'signed char *'
 tinyengine_status requantize_uint8_to_int8(
                   ^~~~~~~~~~~~~~~~~~~~~~~~
Finished building: ../src/Source/genModel.c
 
Building file: ../src/main.c
Invoking: ARM v7 gcc compiler
arm-none-eabi-gcc -Wall -O3 -g3 -I"/home/deazon/final_project/final_project.sdk/nn_inference_grade3/src/TinyEngine/include" -I"/home/deazon/final_project/final_project.sdk/nn_inference_grade3/src/test_inputs" -I"/home/deazon/final_project/final_project.sdk/nn_inference_grade3/src/TinyEngine/third_party/CMSIS_NN/Include" -I"/home/deazon/final_project/final_project.sdk/nn_inference_grade3/src/Include" -I"/home/deazon/final_project/final_project.sdk/nn_inference_grade3/src/Source" -c -fmessage-length=0 -MT"src/main.o" -mcpu=cortex-a9 -mfpu=vfpv3 -mfloat-abi=hard -I../../nn_inference_grade3_bsp/ps7_cortexa9_0/include -MMD -MP -MF"src/main.d" -MT"src/main.o" -o "src/main.o" "../src/main.c"
In file included from ../src/main.c:12:0:
../../nn_inference_grade3_bsp/ps7_cortexa9_0/include/xtime_l.h:87:9: note: #pragma message: For the sleep routines, Global timer is being used
 #pragma message ("For the sleep routines, Global timer is being used")
         ^~~~~~~
Finished building: ../src/main.c
 
Building target: nn_inference_grade3.elf
Invoking: ARM v7 gcc linker
arm-none-eabi-gcc -mcpu=cortex-a9 -mfpu=vfpv3 -mfloat-abi=hard -Wl,-build-id=none -specs=Xilinx.spec -Wl,-T -Wl,../src/lscript.ld -L../../nn_inference_grade3_bsp/ps7_cortexa9_0/lib -o "nn_inference_grade3.elf" ./src/TinyEngine/third_party/CMSIS_NN/Source/arm_softmax_s8.o  ./src/TinyEngine/src/convolve_1x1_s8.o ./src/TinyEngine/src/convolve_s8_kernel3_stride1_pad1.o ./src/TinyEngine/src/convolve_s8_kernel3_stride2_padoffset1_oddch.o ./src/TinyEngine/src/mat_mult_kernels.o ./src/TinyEngine/src/reduce.o ./src/TinyEngine/src/requantize.o ./src/TinyEngine/src/softmax_int8.o  ./src/Source/depthwise_kernel3x3_stride1_pad1_padoffset0_inplace_CHW.o ./src/Source/depthwise_kernel3x3_stride2_pad0_padoffset1_inplace_CHW.o ./src/Source/genModel.o  ./src/main.o ./src/platform.o   -Wl,--start-group,-lxil,-lgcc,-lc,--end-group
Finished building target: nn_inference_grade3.elf
 
Invoking: ARM v7 Print Size
arm-none-eabi-size nn_inference_grade3.elf  |tee "nn_inference_grade3.elf.size"
   text	   data	    bss	    dec	    hex	filename
 112868	   2720	1073776	1189364	 1225f4	nn_inference_grade3.elf
Finished building: nn_inference_grade3.elf.size
 
04:26:24 **** Incremental Build of configuration Debug for project nn_inference_grade3 ****
make pre-build main-build 
a9-linaro-pre-build-step
 
make: Nothing to be done for 'main-build'.
04:28:09 **** Auto Build of configuration Debug for project nn_inference_grade3 ****
make pre-build main-build 
a9-linaro-pre-build-step
 
Building file: ../src/TinyEngine/third_party/CMSIS_NN/Source/arm_softmax_s8.c
Invoking: ARM v7 gcc compiler
arm-none-eabi-gcc -Wall -O3 -g3 -I"/home/deazon/final_project/final_project.sdk/nn_inference_grade3/src/TinyEngine/include" -I"/home/deazon/final_project/final_project.sdk/nn_inference_grade3/src/test_inputs" -I"/home/deazon/final_project/final_project.sdk/nn_inference_grade3/src/TinyEngine/third_party/CMSIS_NN/Include" -I"/home/deazon/final_project/final_project.sdk/nn_inference_grade3/src/Include" -I"/home/deazon/final_project/final_project.sdk/nn_inference_grade3/src/Source" -c -fmessage-length=0 -MT"src/TinyEngine/third_party/CMSIS_NN/Source/arm_softmax_s8.o" -mcpu=cortex-a9 -mfpu=vfpv3 -mfloat-abi=hard -I../../nn_inference_grade3_bsp/ps7_cortexa9_0/include -MMD -MP -MF"src/TinyEngine/third_party/CMSIS_NN/Source/arm_softmax_s8.d" -MT"src/TinyEngine/third_party/CMSIS_NN/Source/arm_softmax_s8.o" -o "src/TinyEngine/third_party/CMSIS_NN/Source/arm_softmax_s8.o" "../src/TinyEngine/third_party/CMSIS_NN/Source/arm_softmax_s8.c"
Finished building: ../src/TinyEngine/third_party/CMSIS_NN/Source/arm_softmax_s8.c
 
Building file: ../src/TinyEngine/src/convolve_1x1_s8.c
Invoking: ARM v7 gcc compiler
arm-none-eabi-gcc -Wall -O3 -g3 -I"/home/deazon/final_project/final_project.sdk/nn_inference_grade3/src/TinyEngine/include" -I"/home/deazon/final_project/final_project.sdk/nn_inference_grade3/src/test_inputs" -I"/home/deazon/final_project/final_project.sdk/nn_inference_grade3/src/TinyEngine/third_party/CMSIS_NN/Include" -I"/home/deazon/final_project/final_project.sdk/nn_inference_grade3/src/Include" -I"/home/deazon/final_project/final_project.sdk/nn_inference_grade3/src/Source" -c -fmessage-length=0 -MT"src/TinyEngine/src/convolve_1x1_s8.o" -mcpu=cortex-a9 -mfpu=vfpv3 -mfloat-abi=hard -I../../nn_inference_grade3_bsp/ps7_cortexa9_0/include -MMD -MP -MF"src/TinyEngine/src/convolve_1x1_s8.d" -MT"src/TinyEngine/src/convolve_1x1_s8.o" -o "src/TinyEngine/src/convolve_1x1_s8.o" "../src/TinyEngine/src/convolve_1x1_s8.c"
../src/TinyEngine/src/convolve_1x1_s8.c: In function 'convolve_1x1_s8':
../src/TinyEngine/src/convolve_1x1_s8.c:26:17: warning: initialization discards 'const' qualifier from pointer target type [-Wdiscarded-qualifiers]
   int8_t *src = &input[i_element * input_ch];
                 ^
Finished building: ../src/TinyEngine/src/convolve_1x1_s8.c
 
Building file: ../src/TinyEngine/src/convolve_s8_kernel3_stride1_pad1.c
Invoking: ARM v7 gcc compiler
arm-none-eabi-gcc -Wall -O3 -g3 -I"/home/deazon/final_project/final_project.sdk/nn_inference_grade3/src/TinyEngine/include" -I"/home/deazon/final_project/final_project.sdk/nn_inference_grade3/src/test_inputs" -I"/home/deazon/final_project/final_project.sdk/nn_inference_grade3/src/TinyEngine/third_party/CMSIS_NN/Include" -I"/home/deazon/final_project/final_project.sdk/nn_inference_grade3/src/Include" -I"/home/deazon/final_project/final_project.sdk/nn_inference_grade3/src/Source" -c -fmessage-length=0 -MT"src/TinyEngine/src/convolve_s8_kernel3_stride1_pad1.o" -mcpu=cortex-a9 -mfpu=vfpv3 -mfloat-abi=hard -I../../nn_inference_grade3_bsp/ps7_cortexa9_0/include -MMD -MP -MF"src/TinyEngine/src/convolve_s8_kernel3_stride1_pad1.d" -MT"src/TinyEngine/src/convolve_s8_kernel3_stride1_pad1.o" -o "src/TinyEngine/src/convolve_s8_kernel3_stride1_pad1.o" "../src/TinyEngine/src/convolve_s8_kernel3_stride1_pad1.c"
../src/TinyEngine/src/convolve_s8_kernel3_stride1_pad1.c: In function 'convolve_s8_kernel3_stride1_pad1':
../src/TinyEngine/src/convolve_s8_kernel3_stride1_pad1.c:34:10: warning: unused variable 'bytes' [-Wunused-variable]
  int8_t* bytes = (int8_t*)&pad_out_q15x2;
          ^~~~~
Finished building: ../src/TinyEngine/src/convolve_s8_kernel3_stride1_pad1.c
 
Building file: ../src/TinyEngine/src/convolve_s8_kernel3_stride2_padoffset1_oddch.c
Invoking: ARM v7 gcc compiler
arm-none-eabi-gcc -Wall -O3 -g3 -I"/home/deazon/final_project/final_project.sdk/nn_inference_grade3/src/TinyEngine/include" -I"/home/deazon/final_project/final_project.sdk/nn_inference_grade3/src/test_inputs" -I"/home/deazon/final_project/final_project.sdk/nn_inference_grade3/src/TinyEngine/third_party/CMSIS_NN/Include" -I"/home/deazon/final_project/final_project.sdk/nn_inference_grade3/src/Include" -I"/home/deazon/final_project/final_project.sdk/nn_inference_grade3/src/Source" -c -fmessage-length=0 -MT"src/TinyEngine/src/convolve_s8_kernel3_stride2_padoffset1_oddch.o" -mcpu=cortex-a9 -mfpu=vfpv3 -mfloat-abi=hard -I../../nn_inference_grade3_bsp/ps7_cortexa9_0/include -MMD -MP -MF"src/TinyEngine/src/convolve_s8_kernel3_stride2_padoffset1_oddch.d" -MT"src/TinyEngine/src/convolve_s8_kernel3_stride2_padoffset1_oddch.o" -o "src/TinyEngine/src/convolve_s8_kernel3_stride2_padoffset1_oddch.o" "../src/TinyEngine/src/convolve_s8_kernel3_stride2_padoffset1_oddch.c"
../src/TinyEngine/src/convolve_s8_kernel3_stride2_padoffset1_oddch.c: In function 'convolve_s8_kernel3_stride2_padoffset1_oddch':
../src/TinyEngine/src/convolve_s8_kernel3_stride2_padoffset1_oddch.c:24:12: warning: unused variable 'channel_div2' [-Wunused-variable]
  const int channel_div2 = (input_ch >> 1);
            ^~~~~~~~~~~~
../src/TinyEngine/src/convolve_s8_kernel3_stride2_padoffset1_oddch.c:23:12: warning: unused variable 'channel_div4' [-Wunused-variable]
  const int channel_div4 = (input_ch >> 2);
            ^~~~~~~~~~~~
Finished building: ../src/TinyEngine/src/convolve_s8_kernel3_stride2_padoffset1_oddch.c
 
Building file: ../src/TinyEngine/src/mat_mult_kernels.c
Invoking: ARM v7 gcc compiler
arm-none-eabi-gcc -Wall -O3 -g3 -I"/home/deazon/final_project/final_project.sdk/nn_inference_grade3/src/TinyEngine/include" -I"/home/deazon/final_project/final_project.sdk/nn_inference_grade3/src/test_inputs" -I"/home/deazon/final_project/final_project.sdk/nn_inference_grade3/src/TinyEngine/third_party/CMSIS_NN/Include" -I"/home/deazon/final_project/final_project.sdk/nn_inference_grade3/src/Include" -I"/home/deazon/final_project/final_project.sdk/nn_inference_grade3/src/Source" -c -fmessage-length=0 -MT"src/TinyEngine/src/mat_mult_kernels.o" -mcpu=cortex-a9 -mfpu=vfpv3 -mfloat-abi=hard -I../../nn_inference_grade3_bsp/ps7_cortexa9_0/include -MMD -MP -MF"src/TinyEngine/src/mat_mult_kernels.d" -MT"src/TinyEngine/src/mat_mult_kernels.o" -o "src/TinyEngine/src/mat_mult_kernels.o" "../src/TinyEngine/src/mat_mult_kernels.c"
Finished building: ../src/TinyEngine/src/mat_mult_kernels.c
 
Building file: ../src/TinyEngine/src/reduce.c
Invoking: ARM v7 gcc compiler
arm-none-eabi-gcc -Wall -O3 -g3 -I"/home/deazon/final_project/final_project.sdk/nn_inference_grade3/src/TinyEngine/include" -I"/home/deazon/final_project/final_project.sdk/nn_inference_grade3/src/test_inputs" -I"/home/deazon/final_project/final_project.sdk/nn_inference_grade3/src/TinyEngine/third_party/CMSIS_NN/Include" -I"/home/deazon/final_project/final_project.sdk/nn_inference_grade3/src/Include" -I"/home/deazon/final_project/final_project.sdk/nn_inference_grade3/src/Source" -c -fmessage-length=0 -MT"src/TinyEngine/src/reduce.o" -mcpu=cortex-a9 -mfpu=vfpv3 -mfloat-abi=hard -I../../nn_inference_grade3_bsp/ps7_cortexa9_0/include -MMD -MP -MF"src/TinyEngine/src/reduce.d" -MT"src/TinyEngine/src/reduce.o" -o "src/TinyEngine/src/reduce.o" "../src/TinyEngine/src/reduce.c"
../src/TinyEngine/src/reduce.c: In function 'reduce_mean_axis_1_2_int8':
../src/TinyEngine/src/reduce.c:28:1: warning: control reaches end of non-void function [-Wreturn-type]
 }
 ^
Finished building: ../src/TinyEngine/src/reduce.c
 
Building file: ../src/TinyEngine/src/requantize.c
Invoking: ARM v7 gcc compiler
arm-none-eabi-gcc -Wall -O3 -g3 -I"/home/deazon/final_project/final_project.sdk/nn_inference_grade3/src/TinyEngine/include" -I"/home/deazon/final_project/final_project.sdk/nn_inference_grade3/src/test_inputs" -I"/home/deazon/final_project/final_project.sdk/nn_inference_grade3/src/TinyEngine/third_party/CMSIS_NN/Include" -I"/home/deazon/final_project/final_project.sdk/nn_inference_grade3/src/Include" -I"/home/deazon/final_project/final_project.sdk/nn_inference_grade3/src/Source" -c -fmessage-length=0 -MT"src/TinyEngine/src/requantize.o" -mcpu=cortex-a9 -mfpu=vfpv3 -mfloat-abi=hard -I../../nn_inference_grade3_bsp/ps7_cortexa9_0/include -MMD -MP -MF"src/TinyEngine/src/requantize.d" -MT"src/TinyEngine/src/requantize.o" -o "src/TinyEngine/src/requantize.o" "../src/TinyEngine/src/requantize.c"
../src/TinyEngine/src/requantize.c: In function 'requantize_uint8_to_int8':
../src/TinyEngine/src/requantize.c:25:1: warning: control reaches end of non-void function [-Wreturn-type]
 }
 ^
Finished building: ../src/TinyEngine/src/requantize.c
 
Building file: ../src/TinyEngine/src/softmax_int8.c
Invoking: ARM v7 gcc compiler
arm-none-eabi-gcc -Wall -O3 -g3 -I"/home/deazon/final_project/final_project.sdk/nn_inference_grade3/src/TinyEngine/include" -I"/home/deazon/final_project/final_project.sdk/nn_inference_grade3/src/test_inputs" -I"/home/deazon/final_project/final_project.sdk/nn_inference_grade3/src/TinyEngine/third_party/CMSIS_NN/Include" -I"/home/deazon/final_project/final_project.sdk/nn_inference_grade3/src/Include" -I"/home/deazon/final_project/final_project.sdk/nn_inference_grade3/src/Source" -c -fmessage-length=0 -MT"src/TinyEngine/src/softmax_int8.o" -mcpu=cortex-a9 -mfpu=vfpv3 -mfloat-abi=hard -I../../nn_inference_grade3_bsp/ps7_cortexa9_0/include -MMD -MP -MF"src/TinyEngine/src/softmax_int8.d" -MT"src/TinyEngine/src/softmax_int8.o" -o "src/TinyEngine/src/softmax_int8.o" "../src/TinyEngine/src/softmax_int8.c"
../src/TinyEngine/src/softmax_int8.c: In function 'softmax_int8':
../src/TinyEngine/src/softmax_int8.c:12:1: warning: control reaches end of non-void function [-Wreturn-type]
 }
 ^
Finished building: ../src/TinyEngine/src/softmax_int8.c
 
Building file: ../src/Source/depthwise_kernel3x3_stride1_pad1_padoffset0_inplace_CHW.c
Invoking: ARM v7 gcc compiler
arm-none-eabi-gcc -Wall -O3 -g3 -I"/home/deazon/final_project/final_project.sdk/nn_inference_grade3/src/TinyEngine/include" -I"/home/deazon/final_project/final_project.sdk/nn_inference_grade3/src/test_inputs" -I"/home/deazon/final_project/final_project.sdk/nn_inference_grade3/src/TinyEngine/third_party/CMSIS_NN/Include" -I"/home/deazon/final_project/final_project.sdk/nn_inference_grade3/src/Include" -I"/home/deazon/final_project/final_project.sdk/nn_inference_grade3/src/Source" -c -fmessage-length=0 -MT"src/Source/depthwise_kernel3x3_stride1_pad1_padoffset0_inplace_CHW.o" -mcpu=cortex-a9 -mfpu=vfpv3 -mfloat-abi=hard -I../../nn_inference_grade3_bsp/ps7_cortexa9_0/include -MMD -MP -MF"src/Source/depthwise_kernel3x3_stride1_pad1_padoffset0_inplace_CHW.d" -MT"src/Source/depthwise_kernel3x3_stride1_pad1_padoffset0_inplace_CHW.o" -o "src/Source/depthwise_kernel3x3_stride1_pad1_padoffset0_inplace_CHW.o" "../src/Source/depthwise_kernel3x3_stride1_pad1_padoffset0_inplace_CHW.c"
Finished building: ../src/Source/depthwise_kernel3x3_stride1_pad1_padoffset0_inplace_CHW.c
 
Building file: ../src/Source/depthwise_kernel3x3_stride2_pad0_padoffset1_inplace_CHW.c
Invoking: ARM v7 gcc compiler
arm-none-eabi-gcc -Wall -O3 -g3 -I"/home/deazon/final_project/final_project.sdk/nn_inference_grade3/src/TinyEngine/include" -I"/home/deazon/final_project/final_project.sdk/nn_inference_grade3/src/test_inputs" -I"/home/deazon/final_project/final_project.sdk/nn_inference_grade3/src/TinyEngine/third_party/CMSIS_NN/Include" -I"/home/deazon/final_project/final_project.sdk/nn_inference_grade3/src/Include" -I"/home/deazon/final_project/final_project.sdk/nn_inference_grade3/src/Source" -c -fmessage-length=0 -MT"src/Source/depthwise_kernel3x3_stride2_pad0_padoffset1_inplace_CHW.o" -mcpu=cortex-a9 -mfpu=vfpv3 -mfloat-abi=hard -I../../nn_inference_grade3_bsp/ps7_cortexa9_0/include -MMD -MP -MF"src/Source/depthwise_kernel3x3_stride2_pad0_padoffset1_inplace_CHW.d" -MT"src/Source/depthwise_kernel3x3_stride2_pad0_padoffset1_inplace_CHW.o" -o "src/Source/depthwise_kernel3x3_stride2_pad0_padoffset1_inplace_CHW.o" "../src/Source/depthwise_kernel3x3_stride2_pad0_padoffset1_inplace_CHW.c"
Finished building: ../src/Source/depthwise_kernel3x3_stride2_pad0_padoffset1_inplace_CHW.c
 
Building file: ../src/Source/genModel.c
Invoking: ARM v7 gcc compiler
arm-none-eabi-gcc -Wall -O3 -g3 -I"/home/deazon/final_project/final_project.sdk/nn_inference_grade3/src/TinyEngine/include" -I"/home/deazon/final_project/final_project.sdk/nn_inference_grade3/src/test_inputs" -I"/home/deazon/final_project/final_project.sdk/nn_inference_grade3/src/TinyEngine/third_party/CMSIS_NN/Include" -I"/home/deazon/final_project/final_project.sdk/nn_inference_grade3/src/Include" -I"/home/deazon/final_project/final_project.sdk/nn_inference_grade3/src/Source" -c -fmessage-length=0 -MT"src/Source/genModel.o" -mcpu=cortex-a9 -mfpu=vfpv3 -mfloat-abi=hard -I../../nn_inference_grade3_bsp/ps7_cortexa9_0/include -MMD -MP -MF"src/Source/genModel.d" -MT"src/Source/genModel.o" -o "src/Source/genModel.o" "../src/Source/genModel.c"
In file included from ../src/Source/genModel.c:3:0:
../../nn_inference_grade3_bsp/ps7_cortexa9_0/include/xtime_l.h:87:9: note: #pragma message: For the sleep routines, Global timer is being used
 #pragma message ("For the sleep routines, Global timer is being used")
         ^~~~~~~
../src/Source/genModel.c: In function 'invoke_inf':
../src/Source/genModel.c:43:30: warning: pointer targets in passing argument 1 of 'requantize_uint8_to_int8' differ in signedness [-Wpointer-sign]
     requantize_uint8_to_int8(&buffer0[0],784, 1073741824,1,127,-1,-128,127,&buffer0[784]);
                              ^
In file included from ../src/Source/genModel.c:5:0:
/home/deazon/final_project/final_project.sdk/nn_inference_grade3/src/TinyEngine/include/tinyengine_function.h:93:19: note: expected 'const char *' but argument is of type 'signed char *'
 tinyengine_status requantize_uint8_to_int8(
                   ^~~~~~~~~~~~~~~~~~~~~~~~
Finished building: ../src/Source/genModel.c
 
Building file: ../src/main.c
Invoking: ARM v7 gcc compiler
arm-none-eabi-gcc -Wall -O3 -g3 -I"/home/deazon/final_project/final_project.sdk/nn_inference_grade3/src/TinyEngine/include" -I"/home/deazon/final_project/final_project.sdk/nn_inference_grade3/src/test_inputs" -I"/home/deazon/final_project/final_project.sdk/nn_inference_grade3/src/TinyEngine/third_party/CMSIS_NN/Include" -I"/home/deazon/final_project/final_project.sdk/nn_inference_grade3/src/Include" -I"/home/deazon/final_project/final_project.sdk/nn_inference_grade3/src/Source" -c -fmessage-length=0 -MT"src/main.o" -mcpu=cortex-a9 -mfpu=vfpv3 -mfloat-abi=hard -I../../nn_inference_grade3_bsp/ps7_cortexa9_0/include -MMD -MP -MF"src/main.d" -MT"src/main.o" -o "src/main.o" "../src/main.c"
In file included from ../src/main.c:12:0:
../../nn_inference_grade3_bsp/ps7_cortexa9_0/include/xtime_l.h:87:9: note: #pragma message: For the sleep routines, Global timer is being used
 #pragma message ("For the sleep routines, Global timer is being used")
         ^~~~~~~
Finished building: ../src/main.c
 
Building target: nn_inference_grade3.elf
Invoking: ARM v7 gcc linker
[...]
../../nn_inference_grade3_bsp/ps7_cortexa9_0/include/xtime_l.h:87:9: note: #pragma message: For the sleep routines, Global timer is being used
 #pragma message ("For the sleep routines, Global timer is being used")
         ^~~~~~~
../src/Source/genModel.c: In function 'invoke_inf':
../src/Source/genModel.c:43:30: warning: pointer targets in passing argument 1 of 'requantize_uint8_to_int8' differ in signedness [-Wpointer-sign]
     requantize_uint8_to_int8(&buffer0[0],784, 1073741824,1,127,-1,-128,127,&buffer0[784]);
                              ^
In file included from ../src/Source/genModel.c:5:0:
/home/deazon/final_project/final_project.sdk/nn_inference_grade3/src/TinyEngine/include/tinyengine_function.h:93:19: note: expected 'const char *' but argument is of type 'signed char *'
 tinyengine_status requantize_uint8_to_int8(
                   ^~~~~~~~~~~~~~~~~~~~~~~~
Finished building: ../src/Source/genModel.c
 
Building file: ../src/main.c
Invoking: ARM v7 gcc compiler
arm-none-eabi-gcc -Wall -O3 -g3 -I"/home/deazon/final_project/final_project.sdk/nn_inference_grade3/src/TinyEngine/include" -I"/home/deazon/final_project/final_project.sdk/nn_inference_grade3/src/test_inputs" -I"/home/deazon/final_project/final_project.sdk/nn_inference_grade3/src/TinyEngine/third_party/CMSIS_NN/Include" -I"/home/deazon/final_project/final_project.sdk/nn_inference_grade3/src/Include" -I"/home/deazon/final_project/final_project.sdk/nn_inference_grade3/src/Source" -c -fmessage-length=0 -MT"src/main.o" -mcpu=cortex-a9 -mfpu=vfpv3 -mfloat-abi=hard -I../../nn_inference_grade3_bsp/ps7_cortexa9_0/include -MMD -MP -MF"src/main.d" -MT"src/main.o" -o "src/main.o" "../src/main.c"
In file included from ../src/main.c:12:0:
../../nn_inference_grade3_bsp/ps7_cortexa9_0/include/xtime_l.h:87:9: note: #pragma message: For the sleep routines, Global timer is being used
 #pragma message ("For the sleep routines, Global timer is being used")
         ^~~~~~~
Finished building: ../src/main.c
 
Building target: nn_inference_grade3.elf
Invoking: ARM v7 gcc linker
arm-none-eabi-gcc -mcpu=cortex-a9 -mfpu=vfpv3 -mfloat-abi=hard -Wl,-build-id=none -specs=Xilinx.spec -Wl,-T -Wl,../src/lscript.ld -L../../nn_inference_grade3_bsp/ps7_cortexa9_0/lib -o "nn_inference_grade3.elf" ./src/TinyEngine/third_party/CMSIS_NN/Source/arm_softmax_s8.o  ./src/TinyEngine/src/convolve_1x1_s8.o ./src/TinyEngine/src/convolve_s8_kernel3_stride1_pad1.o ./src/TinyEngine/src/convolve_s8_kernel3_stride2_padoffset1_oddch.o ./src/TinyEngine/src/mat_mult_kernels.o ./src/TinyEngine/src/reduce.o ./src/TinyEngine/src/requantize.o ./src/TinyEngine/src/softmax_int8.o  ./src/Source/depthwise_kernel3x3_stride1_pad1_padoffset0_inplace_CHW.o ./src/Source/depthwise_kernel3x3_stride2_pad0_padoffset1_inplace_CHW.o ./src/Source/genModel.o  ./src/main.o ./src/platform.o   -Wl,--start-group,-lxil,-lgcc,-lc,--end-group
Finished building target: nn_inference_grade3.elf
 
Invoking: ARM v7 Print Size
arm-none-eabi-size nn_inference_grade3.elf  |tee "nn_inference_grade3.elf.size"
   text	   data	    bss	    dec	    hex	filename
 113616	   2720	1073776	1190112	 1228e0	nn_inference_grade3.elf
Finished building: nn_inference_grade3.elf.size
 
04:48:49 **** Incremental Build of configuration Debug for project nn_inference_grade3 ****
make pre-build main-build 
a9-linaro-pre-build-step
 
make: Nothing to be done for 'main-build'.
04:51:55 **** Auto Build of configuration Debug for project nn_inference_grade3 ****
make pre-build main-build 
a9-linaro-pre-build-step
 
Building file: ../src/TinyEngine/third_party/CMSIS_NN/Source/arm_softmax_s8.c
Invoking: ARM v7 gcc compiler
arm-none-eabi-gcc -Wall -O3 -g3 -I"/home/deazon/final_project/final_project.sdk/nn_inference_grade3/src/TinyEngine/include" -I"/home/deazon/final_project/final_project.sdk/nn_inference_grade3/src/test_inputs" -I"/home/deazon/final_project/final_project.sdk/nn_inference_grade3/src/TinyEngine/third_party/CMSIS_NN/Include" -I"/home/deazon/final_project/final_project.sdk/nn_inference_grade3/src/Include" -I"/home/deazon/final_project/final_project.sdk/nn_inference_grade3/src/Source" -c -fmessage-length=0 -MT"src/TinyEngine/third_party/CMSIS_NN/Source/arm_softmax_s8.o" -mcpu=cortex-a9 -mfpu=vfpv3 -mfloat-abi=hard -I../../nn_inference_grade3_bsp/ps7_cortexa9_0/include -MMD -MP -MF"src/TinyEngine/third_party/CMSIS_NN/Source/arm_softmax_s8.d" -MT"src/TinyEngine/third_party/CMSIS_NN/Source/arm_softmax_s8.o" -o "src/TinyEngine/third_party/CMSIS_NN/Source/arm_softmax_s8.o" "../src/TinyEngine/third_party/CMSIS_NN/Source/arm_softmax_s8.c"
Finished building: ../src/TinyEngine/third_party/CMSIS_NN/Source/arm_softmax_s8.c
 
Building file: ../src/TinyEngine/src/convolve_1x1_s8.c
Invoking: ARM v7 gcc compiler
arm-none-eabi-gcc -Wall -O3 -g3 -I"/home/deazon/final_project/final_project.sdk/nn_inference_grade3/src/TinyEngine/include" -I"/home/deazon/final_project/final_project.sdk/nn_inference_grade3/src/test_inputs" -I"/home/deazon/final_project/final_project.sdk/nn_inference_grade3/src/TinyEngine/third_party/CMSIS_NN/Include" -I"/home/deazon/final_project/final_project.sdk/nn_inference_grade3/src/Include" -I"/home/deazon/final_project/final_project.sdk/nn_inference_grade3/src/Source" -c -fmessage-length=0 -MT"src/TinyEngine/src/convolve_1x1_s8.o" -mcpu=cortex-a9 -mfpu=vfpv3 -mfloat-abi=hard -I../../nn_inference_grade3_bsp/ps7_cortexa9_0/include -MMD -MP -MF"src/TinyEngine/src/convolve_1x1_s8.d" -MT"src/TinyEngine/src/convolve_1x1_s8.o" -o "src/TinyEngine/src/convolve_1x1_s8.o" "../src/TinyEngine/src/convolve_1x1_s8.c"
../src/TinyEngine/src/convolve_1x1_s8.c: In function 'convolve_1x1_s8':
../src/TinyEngine/src/convolve_1x1_s8.c:26:17: warning: initialization discards 'const' qualifier from pointer target type [-Wdiscarded-qualifiers]
   int8_t *src = &input[i_element * input_ch];
                 ^
Finished building: ../src/TinyEngine/src/convolve_1x1_s8.c
 
Building file: ../src/TinyEngine/src/convolve_s8_kernel3_stride1_pad1.c
Invoking: ARM v7 gcc compiler
arm-none-eabi-gcc -Wall -O3 -g3 -I"/home/deazon/final_project/final_project.sdk/nn_inference_grade3/src/TinyEngine/include" -I"/home/deazon/final_project/final_project.sdk/nn_inference_grade3/src/test_inputs" -I"/home/deazon/final_project/final_project.sdk/nn_inference_grade3/src/TinyEngine/third_party/CMSIS_NN/Include" -I"/home/deazon/final_project/final_project.sdk/nn_inference_grade3/src/Include" -I"/home/deazon/final_project/final_project.sdk/nn_inference_grade3/src/Source" -c -fmessage-length=0 -MT"src/TinyEngine/src/convolve_s8_kernel3_stride1_pad1.o" -mcpu=cortex-a9 -mfpu=vfpv3 -mfloat-abi=hard -I../../nn_inference_grade3_bsp/ps7_cortexa9_0/include -MMD -MP -MF"src/TinyEngine/src/convolve_s8_kernel3_stride1_pad1.d" -MT"src/TinyEngine/src/convolve_s8_kernel3_stride1_pad1.o" -o "src/TinyEngine/src/convolve_s8_kernel3_stride1_pad1.o" "../src/TinyEngine/src/convolve_s8_kernel3_stride1_pad1.c"
../src/TinyEngine/src/convolve_s8_kernel3_stride1_pad1.c: In function 'convolve_s8_kernel3_stride1_pad1':
../src/TinyEngine/src/convolve_s8_kernel3_stride1_pad1.c:34:10: warning: unused variable 'bytes' [-Wunused-variable]
  int8_t* bytes = (int8_t*)&pad_out_q15x2;
          ^~~~~
Finished building: ../src/TinyEngine/src/convolve_s8_kernel3_stride1_pad1.c
 
Building file: ../src/TinyEngine/src/convolve_s8_kernel3_stride2_padoffset1_oddch.c
Invoking: ARM v7 gcc compiler
arm-none-eabi-gcc -Wall -O3 -g3 -I"/home/deazon/final_project/final_project.sdk/nn_inference_grade3/src/TinyEngine/include" -I"/home/deazon/final_project/final_project.sdk/nn_inference_grade3/src/test_inputs" -I"/home/deazon/final_project/final_project.sdk/nn_inference_grade3/src/TinyEngine/third_party/CMSIS_NN/Include" -I"/home/deazon/final_project/final_project.sdk/nn_inference_grade3/src/Include" -I"/home/deazon/final_project/final_project.sdk/nn_inference_grade3/src/Source" -c -fmessage-length=0 -MT"src/TinyEngine/src/convolve_s8_kernel3_stride2_padoffset1_oddch.o" -mcpu=cortex-a9 -mfpu=vfpv3 -mfloat-abi=hard -I../../nn_inference_grade3_bsp/ps7_cortexa9_0/include -MMD -MP -MF"src/TinyEngine/src/convolve_s8_kernel3_stride2_padoffset1_oddch.d" -MT"src/TinyEngine/src/convolve_s8_kernel3_stride2_padoffset1_oddch.o" -o "src/TinyEngine/src/convolve_s8_kernel3_stride2_padoffset1_oddch.o" "../src/TinyEngine/src/convolve_s8_kernel3_stride2_padoffset1_oddch.c"
../src/TinyEngine/src/convolve_s8_kernel3_stride2_padoffset1_oddch.c: In function 'convolve_s8_kernel3_stride2_padoffset1_oddch':
../src/TinyEngine/src/convolve_s8_kernel3_stride2_padoffset1_oddch.c:24:12: warning: unused variable 'channel_div2' [-Wunused-variable]
  const int channel_div2 = (input_ch >> 1);
            ^~~~~~~~~~~~
../src/TinyEngine/src/convolve_s8_kernel3_stride2_padoffset1_oddch.c:23:12: warning: unused variable 'channel_div4' [-Wunused-variable]
  const int channel_div4 = (input_ch >> 2);
            ^~~~~~~~~~~~
Finished building: ../src/TinyEngine/src/convolve_s8_kernel3_stride2_padoffset1_oddch.c
 
Building file: ../src/TinyEngine/src/mat_mult_kernels.c
Invoking: ARM v7 gcc compiler
arm-none-eabi-gcc -Wall -O3 -g3 -I"/home/deazon/final_project/final_project.sdk/nn_inference_grade3/src/TinyEngine/include" -I"/home/deazon/final_project/final_project.sdk/nn_inference_grade3/src/test_inputs" -I"/home/deazon/final_project/final_project.sdk/nn_inference_grade3/src/TinyEngine/third_party/CMSIS_NN/Include" -I"/home/deazon/final_project/final_project.sdk/nn_inference_grade3/src/Include" -I"/home/deazon/final_project/final_project.sdk/nn_inference_grade3/src/Source" -c -fmessage-length=0 -MT"src/TinyEngine/src/mat_mult_kernels.o" -mcpu=cortex-a9 -mfpu=vfpv3 -mfloat-abi=hard -I../../nn_inference_grade3_bsp/ps7_cortexa9_0/include -MMD -MP -MF"src/TinyEngine/src/mat_mult_kernels.d" -MT"src/TinyEngine/src/mat_mult_kernels.o" -o "src/TinyEngine/src/mat_mult_kernels.o" "../src/TinyEngine/src/mat_mult_kernels.c"
Finished building: ../src/TinyEngine/src/mat_mult_kernels.c
 
Building file: ../src/TinyEngine/src/reduce.c
Invoking: ARM v7 gcc compiler
arm-none-eabi-gcc -Wall -O3 -g3 -I"/home/deazon/final_project/final_project.sdk/nn_inference_grade3/src/TinyEngine/include" -I"/home/deazon/final_project/final_project.sdk/nn_inference_grade3/src/test_inputs" -I"/home/deazon/final_project/final_project.sdk/nn_inference_grade3/src/TinyEngine/third_party/CMSIS_NN/Include" -I"/home/deazon/final_project/final_project.sdk/nn_inference_grade3/src/Include" -I"/home/deazon/final_project/final_project.sdk/nn_inference_grade3/src/Source" -c -fmessage-length=0 -MT"src/TinyEngine/src/reduce.o" -mcpu=cortex-a9 -mfpu=vfpv3 -mfloat-abi=hard -I../../nn_inference_grade3_bsp/ps7_cortexa9_0/include -MMD -MP -MF"src/TinyEngine/src/reduce.d" -MT"src/TinyEngine/src/reduce.o" -o "src/TinyEngine/src/reduce.o" "../src/TinyEngine/src/reduce.c"
../src/TinyEngine/src/reduce.c: In function 'reduce_mean_axis_1_2_int8':
../src/TinyEngine/src/reduce.c:28:1: warning: control reaches end of non-void function [-Wreturn-type]
 }
 ^
Finished building: ../src/TinyEngine/src/reduce.c
 
Building file: ../src/TinyEngine/src/requantize.c
Invoking: ARM v7 gcc compiler
arm-none-eabi-gcc -Wall -O3 -g3 -I"/home/deazon/final_project/final_project.sdk/nn_inference_grade3/src/TinyEngine/include" -I"/home/deazon/final_project/final_project.sdk/nn_inference_grade3/src/test_inputs" -I"/home/deazon/final_project/final_project.sdk/nn_inference_grade3/src/TinyEngine/third_party/CMSIS_NN/Include" -I"/home/deazon/final_project/final_project.sdk/nn_inference_grade3/src/Include" -I"/home/deazon/final_project/final_project.sdk/nn_inference_grade3/src/Source" -c -fmessage-length=0 -MT"src/TinyEngine/src/requantize.o" -mcpu=cortex-a9 -mfpu=vfpv3 -mfloat-abi=hard -I../../nn_inference_grade3_bsp/ps7_cortexa9_0/include -MMD -MP -MF"src/TinyEngine/src/requantize.d" -MT"src/TinyEngine/src/requantize.o" -o "src/TinyEngine/src/requantize.o" "../src/TinyEngine/src/requantize.c"
../src/TinyEngine/src/requantize.c: In function 'requantize_uint8_to_int8':
../src/TinyEngine/src/requantize.c:25:1: warning: control reaches end of non-void function [-Wreturn-type]
 }
 ^
Finished building: ../src/TinyEngine/src/requantize.c
 
Building file: ../src/TinyEngine/src/softmax_int8.c
Invoking: ARM v7 gcc compiler
arm-none-eabi-gcc -Wall -O3 -g3 -I"/home/deazon/final_project/final_project.sdk/nn_inference_grade3/src/TinyEngine/include" -I"/home/deazon/final_project/final_project.sdk/nn_inference_grade3/src/test_inputs" -I"/home/deazon/final_project/final_project.sdk/nn_inference_grade3/src/TinyEngine/third_party/CMSIS_NN/Include" -I"/home/deazon/final_project/final_project.sdk/nn_inference_grade3/src/Include" -I"/home/deazon/final_project/final_project.sdk/nn_inference_grade3/src/Source" -c -fmessage-length=0 -MT"src/TinyEngine/src/softmax_int8.o" -mcpu=cortex-a9 -mfpu=vfpv3 -mfloat-abi=hard -I../../nn_inference_grade3_bsp/ps7_cortexa9_0/include -MMD -MP -MF"src/TinyEngine/src/softmax_int8.d" -MT"src/TinyEngine/src/softmax_int8.o" -o "src/TinyEngine/src/softmax_int8.o" "../src/TinyEngine/src/softmax_int8.c"
../src/TinyEngine/src/softmax_int8.c: In function 'softmax_int8':
../src/TinyEngine/src/softmax_int8.c:12:1: warning: control reaches end of non-void function [-Wreturn-type]
 }
 ^
Finished building: ../src/TinyEngine/src/softmax_int8.c
 
Building file: ../src/Source/depthwise_kernel3x3_stride1_pad1_padoffset0_inplace_CHW.c
Invoking: ARM v7 gcc compiler
arm-none-eabi-gcc -Wall -O3 -g3 -I"/home/deazon/final_project/final_project.sdk/nn_inference_grade3/src/TinyEngine/include" -I"/home/deazon/final_project/final_project.sdk/nn_inference_grade3/src/test_inputs" -I"/home/deazon/final_project/final_project.sdk/nn_inference_grade3/src/TinyEngine/third_party/CMSIS_NN/Include" -I"/home/deazon/final_project/final_project.sdk/nn_inference_grade3/src/Include" -I"/home/deazon/final_project/final_project.sdk/nn_inference_grade3/src/Source" -c -fmessage-length=0 -MT"src/Source/depthwise_kernel3x3_stride1_pad1_padoffset0_inplace_CHW.o" -mcpu=cortex-a9 -mfpu=vfpv3 -mfloat-abi=hard -I../../nn_inference_grade3_bsp/ps7_cortexa9_0/include -MMD -MP -MF"src/Source/depthwise_kernel3x3_stride1_pad1_padoffset0_inplace_CHW.d" -MT"src/Source/depthwise_kernel3x3_stride1_pad1_padoffset0_inplace_CHW.o" -o "src/Source/depthwise_kernel3x3_stride1_pad1_padoffset0_inplace_CHW.o" "../src/Source/depthwise_kernel3x3_stride1_pad1_padoffset0_inplace_CHW.c"
Finished building: ../src/Source/depthwise_kernel3x3_stride1_pad1_padoffset0_inplace_CHW.c
 
Building file: ../src/Source/depthwise_kernel3x3_stride2_pad0_padoffset1_inplace_CHW.c
Invoking: ARM v7 gcc compiler
arm-none-eabi-gcc -Wall -O3 -g3 -I"/home/deazon/final_project/final_project.sdk/nn_inference_grade3/src/TinyEngine/include" -I"/home/deazon/final_project/final_project.sdk/nn_inference_grade3/src/test_inputs" -I"/home/deazon/final_project/final_project.sdk/nn_inference_grade3/src/TinyEngine/third_party/CMSIS_NN/Include" -I"/home/deazon/final_project/final_project.sdk/nn_inference_grade3/src/Include" -I"/home/deazon/final_project/final_project.sdk/nn_inference_grade3/src/Source" -c -fmessage-length=0 -MT"src/Source/depthwise_kernel3x3_stride2_pad0_padoffset1_inplace_CHW.o" -mcpu=cortex-a9 -mfpu=vfpv3 -mfloat-abi=hard -I../../nn_inference_grade3_bsp/ps7_cortexa9_0/include -MMD -MP -MF"src/Source/depthwise_kernel3x3_stride2_pad0_padoffset1_inplace_CHW.d" -MT"src/Source/depthwise_kernel3x3_stride2_pad0_padoffset1_inplace_CHW.o" -o "src/Source/depthwise_kernel3x3_stride2_pad0_padoffset1_inplace_CHW.o" "../src/Source/depthwise_kernel3x3_stride2_pad0_padoffset1_inplace_CHW.c"
Finished building: ../src/Source/depthwise_kernel3x3_stride2_pad0_padoffset1_inplace_CHW.c
 
Building file: ../src/Source/genModel.c
Invoking: ARM v7 gcc compiler
arm-none-eabi-gcc -Wall -O3 -g3 -I"/home/deazon/final_project/final_project.sdk/nn_inference_grade3/src/TinyEngine/include" -I"/home/deazon/final_project/final_project.sdk/nn_inference_grade3/src/test_inputs" -I"/home/deazon/final_project/final_project.sdk/nn_inference_grade3/src/TinyEngine/third_party/CMSIS_NN/Include" -I"/home/deazon/final_project/final_project.sdk/nn_inference_grade3/src/Include" -I"/home/deazon/final_project/final_project.sdk/nn_inference_grade3/src/Source" -c -fmessage-length=0 -MT"src/Source/genModel.o" -mcpu=cortex-a9 -mfpu=vfpv3 -mfloat-abi=hard -I../../nn_inference_grade3_bsp/ps7_cortexa9_0/include -MMD -MP -MF"src/Source/genModel.d" -MT"src/Source/genModel.o" -o "src/Source/genModel.o" "../src/Source/genModel.c"
In file included from ../src/Source/genModel.c:3:0:
../../nn_inference_grade3_bsp/ps7_cortexa9_0/include/xtime_l.h:87:9: note: #pragma message: For the sleep routines, Global timer is being used
 #pragma message ("For the sleep routines, Global timer is being used")
         ^~~~~~~
../src/Source/genModel.c: In function 'invoke_inf':
../src/Source/genModel.c:43:30: warning: pointer targets in passing argument 1 of 'requantize_uint8_to_int8' differ in signedness [-Wpointer-sign]
     requantize_uint8_to_int8(&buffer0[0],784, 1073741824,1,127,-1,-128,127,&buffer0[784]);
                              ^
In file included from ../src/Source/genModel.c:5:0:
/home/deazon/final_project/final_project.sdk/nn_inference_grade3/src/TinyEngine/include/tinyengine_function.h:93:19: note: expected 'const char *' but argument is of type 'signed char *'
 tinyengine_status requantize_uint8_to_int8(
                   ^~~~~~~~~~~~~~~~~~~~~~~~
Finished building: ../src/Source/genModel.c
 
Building file: ../src/main.c
Invoking: ARM v7 gcc compiler
arm-none-eabi-gcc -Wall -O3 -g3 -I"/home/deazon/final_project/final_project.sdk/nn_inference_grade3/src/TinyEngine/include" -I"/home/deazon/final_project/final_project.sdk/nn_inference_grade3/src/test_inputs" -I"/home/deazon/final_project/final_project.sdk/nn_inference_grade3/src/TinyEngine/third_party/CMSIS_NN/Include" -I"/home/deazon/final_project/final_project.sdk/nn_inference_grade3/src/Include" -I"/home/deazon/final_project/final_project.sdk/nn_inference_grade3/src/Source" -c -fmessage-length=0 -MT"src/main.o" -mcpu=cortex-a9 -mfpu=vfpv3 -mfloat-abi=hard -I../../nn_inference_grade3_bsp/ps7_cortexa9_0/include -MMD -MP -MF"src/main.d" -MT"src/main.o" -o "src/main.o" "../src/main.c"
In file included from ../src/main.c:12:0:
../../nn_inference_grade3_bsp/ps7_cortexa9_0/include/xtime_l.h:87:9: note: #pragma message: For the sleep routines, Global timer is being used
 #pragma message ("For the sleep routines, Global timer is being used")
         ^~~~~~~
Finished building: ../src/main.c
 
Building target: nn_inference_grade3.elf
Invoking: ARM v7 gcc linker
arm-none-eabi-gcc -mcpu=cortex-a9 -mfpu=vfpv3 -mfloat-abi=hard -Wl,-build-id=none -specs=Xilinx.spec -Wl,-T -Wl,../src/lscript.ld -L../../nn_inference_grade3_bsp/ps7_cortexa9_0/lib -o "nn_inference_grade3.elf" ./src/TinyEngine/third_party/CMSIS_NN/Source/arm_softmax_s8.o  ./src/TinyEngine/src/convolve_1x1_s8.o ./src/TinyEngine/src/convolve_s8_kernel3_stride1_pad1.o ./src/TinyEngine/src/convolve_s8_kernel3_stride2_padoffset1_oddch.o ./src/TinyEngine/src/mat_mult_kernels.o ./src/TinyEngine/src/reduce.o ./src/TinyEngine/src/requantize.o ./src/TinyEngine/src/softmax_int8.o  ./src/Source/depthwise_kernel3x3_stride1_pad1_padoffset0_inplace_CHW.o ./src/Source/depthwise_kernel3x3_stride2_pad0_padoffset1_inplace_CHW.o ./src/Source/genModel.o  ./src/main.o ./src/platform.o   -Wl,--start-group,-lxil,-lgcc,-lc,--end-group
Finished building target: nn_inference_grade3.elf
 
Invoking: ARM v7 Print Size
arm-none-eabi-size nn_inference_grade3.elf  |tee "nn_inference_grade3.elf.size"
   text	   data	    bss	    dec	    hex	filename
 113784	   2720	1073776	1190280	 122988	nn_inference_grade3.elf
Finished building: nn_inference_grade3.elf.size
 
04:52:11 **** Incremental Build of configuration Debug for project nn_inference_grade3 ****
make pre-build main-build 
a9-linaro-pre-build-step
 
make: Nothing to be done for 'main-build'.
