#-----------------------------------------------------------
# Vivado v2018.3 (64-bit)
# SW Build 2405991 on Thu Dec  6 23:38:27 MST 2018
# IP Build 2404404 on Fri Dec  7 01:43:56 MST 2018
# Start of session at: Mon Jan 12 22:54:45 2026
# Process ID: 9276
# Current directory: C:/Users/Samo/Desktop/tutorial-1
# Command line: vivado.exe -gui_launcher_event rodinguilauncherevent14520 C:\Users\Samo\Desktop\tutorial-1\tutorial-1.xpr
# Log file: C:/Users/Samo/Desktop/tutorial-1/vivado.log
# Journal file: C:/Users/Samo/Desktop/tutorial-1\vivado.jou
#-----------------------------------------------------------
start_gui
open_project C:/Users/Samo/Desktop/tutorial-1/tutorial-1.xpr
Scanning sources...
Finished scanning sources
INFO: [IP_Flow 19-234] Refreshing IP repositories
INFO: [IP_Flow 19-1704] No user IP repositories specified
INFO: [IP_Flow 19-2313] Loaded Vivado IP repository 'C:/Xilinx/Vivado/2018.3/data/ip'.
open_project: Time (s): cpu = 00:00:18 ; elapsed = 00:00:09 . Memory (MB): peak = 704.668 ; gain = 111.590
update_compile_order -fileset sources_1
file copy -force C:/Users/Samo/Desktop/tutorial-1/tutorial-1.runs/impl_1/design_1_wrapper.sysdef C:/Users/Samo/Desktop/tutorial-1/tutorial-1.sdk/design_1_wrapper.hdf

launch_sdk -workspace C:/Users/Samo/Desktop/tutorial-1/tutorial-1.sdk -hwspec C:/Users/Samo/Desktop/tutorial-1/tutorial-1.sdk/design_1_wrapper.hdf
INFO: [Vivado 12-393] Launching SDK...
INFO: [Vivado 12-417] Running xsdk -workspace C:/Users/Samo/Desktop/tutorial-1/tutorial-1.sdk -hwspec C:/Users/Samo/Desktop/tutorial-1/tutorial-1.sdk/design_1_wrapper.hdf
INFO: [Vivado 12-3157] SDK launch initiated. Please check console for any further messages.
launch_sdk -workspace C:/Users/Samo/Desktop/tutorial-1/tutorial-1.sdk -hwspec C:/Users/Samo/Desktop/tutorial-1/tutorial-1.sdk/design_1_wrapper.hdf
INFO: [Vivado 12-393] Launching SDK...
INFO: [Vivado 12-417] Running xsdk -workspace C:/Users/Samo/Desktop/tutorial-1/tutorial-1.sdk -hwspec C:/Users/Samo/Desktop/tutorial-1/tutorial-1.sdk/design_1_wrapper.hdf
INFO: [Vivado 12-3157] SDK launch initiated. Please check console for any further messages.
launch_sdk -workspace C:/Users/Samo/Desktop/tutorial-1/tutorial-1.sdk -hwspec C:/Users/Samo/Desktop/tutorial-1/tutorial-1.sdk/design_1_wrapper.hdf
INFO: [Vivado 12-393] Launching SDK...
INFO: [Vivado 12-417] Running xsdk -workspace C:/Users/Samo/Desktop/tutorial-1/tutorial-1.sdk -hwspec C:/Users/Samo/Desktop/tutorial-1/tutorial-1.sdk/design_1_wrapper.hdf
INFO: [Vivado 12-3157] SDK launch initiated. Please check console for any further messages.
