09:52:23 **** Auto Build of configuration Debug for project tutorial-1 ****
make pre-build main-build 
a9-linaro-pre-build-step
' '
'Building file: ../src/main.cc'
'Invoking: ARM v7 g++ compiler'
arm-none-eabi-g++ -Wall -O0 -g3 -c -fmessage-length=0 -MT"src/main.o" -mcpu=cortex-a9 -mfpu=vfpv3 -mfloat-abi=hard -I../../tutorial-1_bsp/ps7_cortexa9_0/include -MMD -MP -MF"src/main.d" -MT"src/main.o" -o "src/main.o" "../src/main.cc"
../src/main.cc: In function 'int GpioPolledExample(u16, u32*)':
../src/main.cc:161:6: warning: unused variable 'Type_of_board' [-Wunused-variable]
  int Type_of_board;
      ^~~~~~~~~~~~~
'Finished building: ../src/main.cc'
' '
'Building target: tutorial-1.elf'
'Invoking: ARM v7 g++ linker'
arm-none-eabi-g++ -mcpu=cortex-a9 -mfpu=vfpv3 -mfloat-abi=hard -Wl,-build-id=none -specs=Xilinx.spec -Wl,-T -Wl,../src/lscript.ld -L../../tutorial-1_bsp/ps7_cortexa9_0/lib -o "tutorial-1.elf"  ./src/main.o   -Wl,--start-group,-lxil,-lgcc,-lc,-lstdc++,--end-group
'Finished building target: tutorial-1.elf'
' '
'Invoking: ARM v7 Print Size'
arm-none-eabi-size tutorial-1.elf  |tee "tutorial-1.elf.size"
   text	   data	    bss	    dec	    hex	filename
  41636	   2200	  22680	  66516	  103d4	tutorial-1.elf
'Finished building: tutorial-1.elf.size'
' '

09:52:25 Build Finished (took 2s.75ms)

